ARM Linker, 5.03 [Build 76] [MDK-ARM Standard]

==============================================================================

Section Cross References

    stm32lib_include.o(i.ADC_DeInit) refers to stm32lib_include.o(i.RCC_APB2PeriphResetCmd) for RCC_APB2PeriphResetCmd
    stm32lib_include.o(i.BKP_DeInit) refers to stm32lib_include.o(i.RCC_BackupResetCmd) for RCC_BackupResetCmd
    stm32lib_include.o(i.CAN_DeInit) refers to stm32lib_include.o(i.RCC_APB1PeriphResetCmd) for RCC_APB1PeriphResetCmd
    stm32lib_include.o(i.CAN_GetITStatus) refers to stm32lib_include.o(i.CheckITStatus) for CheckITStatus
    stm32lib_include.o(i.CEC_DeInit) refers to stm32lib_include.o(i.RCC_APB1PeriphResetCmd) for RCC_APB1PeriphResetCmd
    stm32lib_include.o(i.DAC_DeInit) refers to stm32lib_include.o(i.RCC_APB1PeriphResetCmd) for RCC_APB1PeriphResetCmd
    stm32lib_include.o(i.FLASH_EnableWriteProtection) refers to stm32lib_include.o(i.FLASH_WaitForLastOperation) for FLASH_WaitForLastOperation
    stm32lib_include.o(i.FLASH_EraseAllBank1Pages) refers to stm32lib_include.o(i.FLASH_WaitForLastBank1Operation) for FLASH_WaitForLastBank1Operation
    stm32lib_include.o(i.FLASH_EraseAllPages) refers to stm32lib_include.o(i.FLASH_WaitForLastOperation) for FLASH_WaitForLastOperation
    stm32lib_include.o(i.FLASH_EraseOptionBytes) refers to stm32lib_include.o(i.FLASH_GetReadOutProtectionStatus) for FLASH_GetReadOutProtectionStatus
    stm32lib_include.o(i.FLASH_EraseOptionBytes) refers to stm32lib_include.o(i.FLASH_WaitForLastOperation) for FLASH_WaitForLastOperation
    stm32lib_include.o(i.FLASH_ErasePage) refers to stm32lib_include.o(i.FLASH_WaitForLastOperation) for FLASH_WaitForLastOperation
    stm32lib_include.o(i.FLASH_ProgramHalfWord) refers to stm32lib_include.o(i.FLASH_WaitForLastOperation) for FLASH_WaitForLastOperation
    stm32lib_include.o(i.FLASH_ProgramOptionByteData) refers to stm32lib_include.o(i.FLASH_WaitForLastOperation) for FLASH_WaitForLastOperation
    stm32lib_include.o(i.FLASH_ProgramWord) refers to stm32lib_include.o(i.FLASH_WaitForLastOperation) for FLASH_WaitForLastOperation
    stm32lib_include.o(i.FLASH_ReadOutProtection) refers to stm32lib_include.o(i.FLASH_WaitForLastOperation) for FLASH_WaitForLastOperation
    stm32lib_include.o(i.FLASH_UserOptionByteConfig) refers to stm32lib_include.o(i.FLASH_WaitForLastOperation) for FLASH_WaitForLastOperation
    stm32lib_include.o(i.FLASH_WaitForLastBank1Operation) refers to stm32lib_include.o(i.FLASH_GetBank1Status) for FLASH_GetBank1Status
    stm32lib_include.o(i.FLASH_WaitForLastOperation) refers to stm32lib_include.o(i.FLASH_GetBank1Status) for FLASH_GetBank1Status
    stm32lib_include.o(i.GPIO_AFIODeInit) refers to stm32lib_include.o(i.RCC_APB2PeriphResetCmd) for RCC_APB2PeriphResetCmd
    stm32lib_include.o(i.GPIO_DeInit) refers to stm32lib_include.o(i.RCC_APB2PeriphResetCmd) for RCC_APB2PeriphResetCmd
    stm32lib_include.o(i.HardFault_Handler) refers to stm32_cpu.o(i.MCU_Reset) for MCU_Reset
    stm32lib_include.o(i.I2C_DeInit) refers to stm32lib_include.o(i.RCC_APB1PeriphResetCmd) for RCC_APB1PeriphResetCmd
    stm32lib_include.o(i.I2C_Init) refers to stm32lib_include.o(i.RCC_GetClocksFreq) for RCC_GetClocksFreq
    stm32lib_include.o(i.I2S_Init) refers to stm32lib_include.o(i.RCC_GetClocksFreq) for RCC_GetClocksFreq
    stm32lib_include.o(i.PWR_DeInit) refers to stm32lib_include.o(i.RCC_APB1PeriphResetCmd) for RCC_APB1PeriphResetCmd
    stm32lib_include.o(i.RCC_GetClocksFreq) refers to stm32lib_include.o(.data) for APBAHBPrescTable
    stm32lib_include.o(i.RCC_WaitForHSEStartUp) refers to stm32lib_include.o(i.RCC_GetFlagStatus) for RCC_GetFlagStatus
    stm32lib_include.o(i.RTC_SetAlarm) refers to stm32lib_include.o(i.RTC_EnterConfigMode) for RTC_EnterConfigMode
    stm32lib_include.o(i.RTC_SetAlarm) refers to stm32lib_include.o(i.RTC_ExitConfigMode) for RTC_ExitConfigMode
    stm32lib_include.o(i.RTC_SetCounter) refers to stm32lib_include.o(i.RTC_EnterConfigMode) for RTC_EnterConfigMode
    stm32lib_include.o(i.RTC_SetCounter) refers to stm32lib_include.o(i.RTC_ExitConfigMode) for RTC_ExitConfigMode
    stm32lib_include.o(i.RTC_SetPrescaler) refers to stm32lib_include.o(i.RTC_EnterConfigMode) for RTC_EnterConfigMode
    stm32lib_include.o(i.RTC_SetPrescaler) refers to stm32lib_include.o(i.RTC_ExitConfigMode) for RTC_ExitConfigMode
    stm32lib_include.o(i.SPI_I2S_DeInit) refers to stm32lib_include.o(i.RCC_APB2PeriphResetCmd) for RCC_APB2PeriphResetCmd
    stm32lib_include.o(i.SPI_I2S_DeInit) refers to stm32lib_include.o(i.RCC_APB1PeriphResetCmd) for RCC_APB1PeriphResetCmd
    stm32lib_include.o(i.SetSysClock) refers to stm32lib_include.o(i.SetSysClockTo72) for SetSysClockTo72
    stm32lib_include.o(i.SysTick_Handler) refers to tos.o(i.Tos_SysTick) for Tos_SysTick
    stm32lib_include.o(i.SystemCoreClockUpdate) refers to stm32lib_include.o(.data) for SystemCoreClock
[...]
    TAMPER_IRQHandler                        0x0800011b   Thumb Code     0  startup_stm32f10x_md.o(.text)
    TIM1_BRK_IRQHandler                      0x0800011b   Thumb Code     0  startup_stm32f10x_md.o(.text)
    TIM1_CC_IRQHandler                       0x0800011b   Thumb Code     0  startup_stm32f10x_md.o(.text)
    TIM1_TRG_COM_IRQHandler                  0x0800011b   Thumb Code     0  startup_stm32f10x_md.o(.text)
    TIM1_UP_IRQHandler                       0x0800011b   Thumb Code     0  startup_stm32f10x_md.o(.text)
    TIM2_IRQHandler                          0x0800011b   Thumb Code     0  startup_stm32f10x_md.o(.text)
    TIM3_IRQHandler                          0x0800011b   Thumb Code     0  startup_stm32f10x_md.o(.text)
    TIM4_IRQHandler                          0x0800011b   Thumb Code     0  startup_stm32f10x_md.o(.text)
    USB_HP_CAN1_TX_IRQHandler                0x0800011b   Thumb Code     0  startup_stm32f10x_md.o(.text)
    USB_LP_CAN1_RX0_IRQHandler               0x0800011b   Thumb Code     0  startup_stm32f10x_md.o(.text)
    WWDG_IRQHandler                          0x0800011b   Thumb Code     0  startup_stm32f10x_md.o(.text)
    rand                                     0x08000125   Thumb Code    20  rand.o(.text)
    srand                                    0x08000139   Thumb Code     6  rand.o(.text)
    __aeabi_memcpy                           0x08000149   Thumb Code    36  memcpya.o(.text)
    __aeabi_memcpy4                          0x08000149   Thumb Code     0  memcpya.o(.text)
    __aeabi_memcpy8                          0x08000149   Thumb Code     0  memcpya.o(.text)
    strncmp                                  0x0800016d   Thumb Code    30  strncmp.o(.text)
    __aeabi_fadd                             0x0800018b   Thumb Code   164  fadd.o(.text)
    __aeabi_fsub                             0x0800022f   Thumb Code     6  fadd.o(.text)
    __aeabi_frsub                            0x08000235   Thumb Code     6  fadd.o(.text)
    __aeabi_fmul                             0x0800023b   Thumb Code   108  fmul.o(.text)
    __aeabi_fdiv                             0x080002a7   Thumb Code   128  fdiv.o(.text)
    __aeabi_dadd                             0x08000327   Thumb Code   322  dadd.o(.text)
    __aeabi_dsub                             0x08000469   Thumb Code     6  dadd.o(.text)
    __aeabi_drsub                            0x0800046f   Thumb Code     6  dadd.o(.text)
    __aeabi_dmul                             0x08000475   Thumb Code   228  dmul.o(.text)
    __aeabi_ddiv                             0x08000559   Thumb Code   222  ddiv.o(.text)
    __aeabi_i2f                              0x08000637   Thumb Code    18  fflti.o(.text)
    __aeabi_ui2f                             0x08000649   Thumb Code    10  ffltui.o(.text)
    __aeabi_i2d                              0x08000653   Thumb Code    34  dflti.o(.text)
    __aeabi_ui2d                             0x08000675   Thumb Code    26  dfltui.o(.text)
    __aeabi_f2iz                             0x0800068f   Thumb Code    50  ffixi.o(.text)
    __aeabi_f2uiz                            0x080006c1   Thumb Code    40  ffixui.o(.text)
    __aeabi_f2d                              0x080006e9   Thumb Code    38  f2d.o(.text)
    __aeabi_d2f                              0x0800070f   Thumb Code    56  d2f.o(.text)
    __aeabi_uidiv                            0x08000747   Thumb Code     0  uidiv.o(.text)
    __aeabi_uidivmod                         0x08000747   Thumb Code    44  uidiv.o(.text)
    __aeabi_uldivmod                         0x08000773   Thumb Code    98  uldiv.o(.text)
    __aeabi_llsl                             0x080007d5   Thumb Code    30  llshl.o(.text)
    _ll_shift_l                              0x080007d5   Thumb Code     0  llshl.o(.text)
    __aeabi_llsr                             0x080007f3   Thumb Code    32  llushr.o(.text)
    _ll_ushift_r                             0x080007f3   Thumb Code     0  llushr.o(.text)
    __aeabi_lasr                             0x08000813   Thumb Code    36  llsshr.o(.text)
    _ll_sshift_r                             0x08000813   Thumb Code     0  llsshr.o(.text)
    __I$use$fp                               0x08000837   Thumb Code     0  iusefp.o(.text)
    _float_round                             0x08000837   Thumb Code    18  fepilogue.o(.text)
    _float_epilogue                          0x08000849   Thumb Code    90  fepilogue.o(.text)
    _double_round                            0x080008a3   Thumb Code    26  depilogue.o(.text)
    _double_epilogue                         0x080008bd   Thumb Code   164  depilogue.o(.text)
    __ARM_scalbn                             0x08000961   Thumb Code    46  dscalb.o(.text)
    scalbn                                   0x08000961   Thumb Code     0  dscalb.o(.text)
    __aeabi_d2ulz                            0x0800098f   Thumb Code    48  dfixul.o(.text)
    __aeabi_cdrcmple                         0x080009c1   Thumb Code    38  cdrcmple.o(.text)
    __scatterload                            0x080009e9   Thumb Code    28  init.o(.text)
    __scatterload_rt2                        0x080009e9   Thumb Code     0  init.o(.text)
    __aeabi_d2iz                             0x08000a0d   Thumb Code    62  dfixi.o(.text)
    TOS_ContextSwitch                        0x08000a4d   Thumb Code     0  tos_core_a.o(TOS_CORE_A)
    TOS_SwitchToTask                         0x08000a7f   Thumb Code     0  tos_core_a.o(TOS_CORE_A)
    ALL_TFT                                  0x08000a9d   Thumb Code    40  text.o(i.ALL_TFT)
    BareDelay                                0x08000ac5   Thumb Code    26  stm32_cpu.o(i.BareDelay)
    BufferCoppy                              0x08000adf   Thumb Code    34  text.o(i.BufferCoppy)
    BufferFill                               0x08000b01   Thumb Code    22  text.o(i.BufferFill)
    BusFault_Handler                         0x08000b17   Thumb Code     4  stm32lib_include.o(i.BusFault_Handler)
    BytesFindString                          0x08000b1b   Thumb Code    82  text.o(i.BytesFindString)
    CS_DrawCell                              0x08000b6d   Thumb Code    48  main.o(i.CS_DrawCell)
    CS_DrawDotArray                          0x08000ba1   Thumb Code   210  main.o(i.CS_DrawDotArray)
    CS_DrawFillNextForm                      0x08000c75   Thumb Code    72  main.o(i.CS_DrawFillNextForm)
    CS_DrawNextForm                          0x08000cc1   Thumb Code   122  main.o(i.CS_DrawNextForm)
    CS_DrawWords                             0x08000d3d   Thumb Code   298  main.o(i.CS_DrawWords)
    CS_Load                                  0x08000e75   Thumb Code    22  main.o(i.CS_Load)
    CS_SnakePlan                             0x08000e91   Thumb Code   296  main.o(i.CS_SnakePlan)
    ClearWithBuffer                          0x08000fb9   Thumb Code    20  text.o(i.ClearWithBuffer)
    CompareWithString                        0x08000fcd   Thumb Code    60  text.o(i.CompareWithString)
    DeBug                                    0x08001009   Thumb Code     2  debug.o(i.DeBug)
    DebugMon_Handler                         0x0800100b   Thumb Code     2  stm32lib_include.o(i.DebugMon_Handler)
    Delay                                    0x0800100d   Thumb Code    18  main.o(i.Delay)
    DeviceList_Init                          0x08001021   Thumb Code   112  tos_device.o(i.DeviceList_Init)
    DeviceMount_IO                           0x080010a1   Thumb Code   182  main.o(i.DeviceMount_IO)
    DeviceMount_Lcd                          0x08001181   Thumb Code   148  main.o(i.DeviceMount_Lcd)
    DeviceMount_Usart                        0x08001231   Thumb Code   394  usart_driver.o(i.DeviceMount_Usart)
    DeviceMount_W25Q16                       0x080013f5   Thumb Code   164  main.o(i.DeviceMount_W25Q16)
    Device_Init                              0x080014b9   Thumb Code   152  tos_device.o(i.Device_Init)
    Draw_Full_List                           0x08001571   Thumb Code    40  main.o(i.Draw_Full_List)
    EXTI0_IRQHandler                         0x08001599   Thumb Code    10  stm32_cpu.o(i.EXTI0_IRQHandler)
    EXTI_ClearITPendingBit                   0x080015a5   Thumb Code     6  stm32lib_include.o(i.EXTI_ClearITPendingBit)
    FLASH_ErasePage                          0x080015b1   Thumb Code    72  stm32lib_include.o(i.FLASH_ErasePage)
    FLASH_GetBank1Status                     0x080015fd   Thumb Code    48  stm32lib_include.o(i.FLASH_GetBank1Status)
    FLASH_Lock                               0x08001631   Thumb Code    14  stm32lib_include.o(i.FLASH_Lock)
    FLASH_ProgramHalfWord                    0x08001645   Thumb Code    60  stm32lib_include.o(i.FLASH_ProgramHalfWord)
    FLASH_Unlock                             0x08001685   Thumb Code    12  stm32lib_include.o(i.FLASH_Unlock)
    FLASH_WaitForLastOperation               0x0800169d   Thumb Code    38  stm32lib_include.o(i.FLASH_WaitForLastOperation)
    FSMC_LCD_Init                            0x080016c3   Thumb Code    84  main.o(i.FSMC_LCD_Init)
    FSMC_NORSRAMCmd                          0x08001719   Thumb Code    46  stm32lib_include.o(i.FSMC_NORSRAMCmd)
    FSMC_NORSRAMInit                         0x0800174d   Thumb Code   224  stm32lib_include.o(i.FSMC_NORSRAMInit)
    Fast_Draw_Fill_List                      0x0800182d   Thumb Code    98  main.o(i.Fast_Draw_Fill_List)
    Fast_Fill_Rectangle                      0x08001895   Thumb Code    58  main.o(i.Fast_Fill_Rectangle)
    Flash_ReadData                           0x080018d5   Thumb Code    28  appconfig.o(i.Flash_ReadData)
    Flash_WriteData                          0x080018f1   Thumb Code   112  appconfig.o(i.Flash_WriteData)
    FlowPoolFilter                           0x08001961   Thumb Code    58  text.o(i.FlowPoolFilter)
    FmtToBuf                                 0x0800199b   Thumb Code    30  text.o(i.FmtToBuf)
    GPIO_Init                                0x080019b9   Thumb Code   274  stm32lib_include.o(i.GPIO_Init)
    GPIO_InitList                            0x08001acd   Thumb Code   124  stm32_cpu.o(i.GPIO_InitList)
    GPIO_ReadInputDataBit                    0x08001b51   Thumb Code    18  stm32lib_include.o(i.GPIO_ReadInputDataBit)
    GPIO_ResetBits                           0x08001b63   Thumb Code     4  stm32lib_include.o(i.GPIO_ResetBits)
    GPIO_SetBits                             0x08001b67   Thumb Code     4  stm32lib_include.o(i.GPIO_SetBits)
    GetCountSize                             0x08001b6b   Thumb Code    30  text.o(i.GetCountSize)
    GetHexFromString                         0x08001b89   Thumb Code   228  text.o(i.GetHexFromString)
    GetInPutHtml                             0x08001c6d   Thumb Code   268  main.o(i.GetInPutHtml)
    GetMenuHtml                              0x08001ee1   Thumb Code   416  main.o(i.GetMenuHtml)
    GetStringByFmt                           0x080021e1   Thumb Code    38  text.o(i.GetStringByFmt)
    GetStringToNumber                        0x08002209   Thumb Code   178  text.o(i.GetStringToNumber)
    GetTextLength                            0x080022cd   Thumb Code    24  text.o(i.GetTextLength)
    GetTosTask_Count                         0x080022e5   Thumb Code    38  stm32_cpu.o(i.GetTosTask_Count)
    GetVoidWord                              0x08002311   Thumb Code    32  main.o(i.GetVoidWord)
    GetWordFromBytes                         0x08002331   Thumb Code    38  text.o(i.GetWordFromBytes)
    HX8347_Clear_Screen                      0x08002359   Thumb Code    36  main.o(i.HX8347_Clear_Screen)
    HX8347_GPIO_Init                         0x08002381   Thumb Code   226  main.o(i.HX8347_GPIO_Init)
    HX8347_Initializtion                     0x08002471   Thumb Code  1084  main.o(i.HX8347_Initializtion)
    HardFault_Handler                        0x080028ad   Thumb Code     8  stm32lib_include.o(i.HardFault_Handler)
    HtmlGetGB2312                            0x080028b5   Thumb Code    48  text.o(i.HtmlGetGB2312)
    IAP_ErasePage                            0x080028e5   Thumb Code    12  stm32_cpu.o(i.IAP_ErasePage)
    IAP_Lock                                 0x080028f1   Thumb Code     8  stm32_cpu.o(i.IAP_Lock)
    IAP_ProgramHalfWord                      0x080028f9   Thumb Code    16  stm32_cpu.o(i.IAP_ProgramHalfWord)
    IAP_Unlock                               0x08002909   Thumb Code     8  stm32_cpu.o(i.IAP_Unlock)
    IO_Read                                  0x08002911   Thumb Code    56  main.o(i.IO_Read)
    IO_Write                                 0x0800294d   Thumb Code    94  main.o(i.IO_Write)
    Index_Uchar                              0x080029b1   Thumb Code    32  main.o(i.Index_Uchar)
    Index_Word                               0x080029d1   Thumb Code    64  main.o(i.Index_Word)
    Key_GetASCII                             0x08002a11   Thumb Code   218  main.o(i.Key_GetASCII)
    Key_GetWord                              0x08002b41   Thumb Code   276  main.o(i.Key_GetWord)
    LCD_Draw_LineX                           0x08002ca1   Thumb Code    38  main.o(i.LCD_Draw_LineX)
    LCD_Draw_LineY                           0x08002cc7   Thumb Code    38  main.o(i.LCD_Draw_LineY)
    LP_DrawCell                              0x08002ced   Thumb Code   200  main.o(i.LP_DrawCell)
    LP_DrawDotArray                          0x08002dbd   Thumb Code   342  main.o(i.LP_DrawDotArray)
    LP_DrawWords                             0x08002f15   Thumb Code   304  main.o(i.LP_DrawWords)
    LP_LifePlan                              0x08003051   Thumb Code   284  operation.o(i.LP_LifePlan)
    LP_Load                                  0x0800316d   Thumb Code    22  main.o(i.LP_Load)
    LP_Save                                  0x08003189   Thumb Code    22  main.o(i.LP_Save)
    Lcd_Read                                 0x080031a5   Thumb Code     2  main.o(i.Lcd_Read)
    Lcd_Write                                0x080031a7   Thumb Code     2  main.o(i.Lcd_Write)
    Load_AppConfig                           0x080031a9   Thumb Code    20  appconfig.o(i.Load_AppConfig)
    Load_VoidConfig                          0x080031c5   Thumb Code   102  appconfig.o(i.Load_VoidConfig)
    MCU_Reset                                0x0800322d   Thumb Code    32  stm32_cpu.o(i.MCU_Reset)
    MGUI_DrawBitMap                          0x08003255   Thumb Code   554  main.o(i.MGUI_DrawBitMap)
    MUI_Draw                                 0x08003481   Thumb Code   294  main.o(i.MUI_Draw)
    MUI_DrawMenu                             0x080035ad   Thumb Code   272  main.o(i.MUI_DrawMenu)
    MUI_Enter                                0x080036c9   Thumb Code   330  main.o(i.MUI_Enter)
    MUI_Fill_Bar                             0x08003819   Thumb Code   110  main.o(i.MUI_Fill_Bar)
    MUI_GetColor                             0x0800388d   Thumb Code   260  main.o(i.MUI_GetColor)
    MUI_GetCurMenuInfor                      0x080039a9   Thumb Code    30  main.o(i.MUI_GetCurMenuInfor)
    MUI_GetIP                                0x080039cd   Thumb Code   224  main.o(i.MUI_GetIP)
    MUI_GetKey                               0x08003ac9   Thumb Code    34  main.o(i.MUI_GetKey)
    MUI_GetOptionString                      0x08003aed   Thumb Code   338  main.o(i.MUI_GetOptionString)
    MUI_GetString                            0x08003c45   Thumb Code   252  main.o(i.MUI_GetString)
    MUI_GetValue                             0x08003d49   Thumb Code   222  main.o(i.MUI_GetValue)
    MUI_Init                                 0x08003e39   Thumb Code   148  main.o(i.MUI_Init)
    MUI_OptionLength                         0x08003ed9   Thumb Code    22  main.o(i.MUI_OptionLength)
    MUI_ReSetTitle                           0x08003ef1   Thumb Code    34  main.o(i.MUI_ReSetTitle)
    MUI_SetDrawClear                         0x08003f19   Thumb Code    40  main.o(i.MUI_SetDrawClear)
    MUI_Task                                 0x08003f45   Thumb Code   380  main.o(i.MUI_Task)
    MUI_Title                                0x080040c5   Thumb Code    96  main.o(i.MUI_Title)
    MUI_Waiting                              0x0800412d   Thumb Code   494  main.o(i.MUI_Waiting)
    MemManage_Handler                        0x08004335   Thumb Code     4  stm32lib_include.o(i.MemManage_Handler)
    Mema_Extend                              0x08004339   Thumb Code    46  tos_mema.o(i.Mema_Extend)
    Mema_Free                                0x08004369   Thumb Code    44  tos_mema.o(i.Mema_Free)
    Mema_Init                                0x08004399   Thumb Code    22  tos_mema.o(i.Mema_Init)
    Mema_Malloc                              0x080043b5   Thumb Code    72  tos_mema.o(i.Mema_Malloc)
    MyCom_CheckCrc                           0x08004401   Thumb Code    48  modbus.o(i.MyCom_CheckCrc)
    NMI_Handler                              0x08004431   Thumb Code     2  stm32lib_include.o(i.NMI_Handler)
    NVIC_Init                                0x08004435   Thumb Code   102  stm32lib_include.o(i.NVIC_Init)
    NVIC_PriorityGroupConfig                 0x080044a9   Thumb Code    10  stm32lib_include.o(i.NVIC_PriorityGroupConfig)
    Nand_ReadMap                             0x080044bd   Thumb Code   168  main.o(i.Nand_ReadMap)
    Nrf_CE                                   0x08004581   Thumb Code    26  main.o(i.Nrf_CE)
    Nrf_CSN                                  0x080045a1   Thumb Code    26  main.o(i.Nrf_CSN)
    Nrf_IRQ                                  0x080045c1   Thumb Code    12  main.o(i.Nrf_IRQ)
    Nrf_MISO                                 0x080045d1   Thumb Code    14  main.o(i.Nrf_MISO)
    Nrf_MOSI                                 0x080045e5   Thumb Code    26  main.o(i.Nrf_MOSI)
    Nrf_SCLK                                 0x08004605   Thumb Code    30  main.o(i.Nrf_SCLK)
    PM_DrawWords                             0x08004629   Thumb Code   304  main.o(i.PM_DrawWords)
    PendSV_Handler                           0x08004765   Thumb Code     2  stm32lib_include.o(i.PendSV_Handler)
    Printf                                   0x08004769   Thumb Code    80  main.o(i.Printf)
    PrintfVoid                               0x080047bd   Thumb Code    42  main.o(i.PrintfVoid)
    Printf_Data                              0x080047e9   Thumb Code   238  main.o(i.Printf_Data)
    Printf_Infor                             0x080048e5   Thumb Code    92  main.o(i.Printf_Infor)
    Printf_String                            0x08004951   Thumb Code   336  main.o(i.Printf_String)
    Printf_Yes                               0x08004aad   Thumb Code   126  main.o(i.Printf_Yes)
    Printf_YesOrNo                           0x08004b35   Thumb Code   150  main.o(i.Printf_YesOrNo)
    RAM_ReadMap                              0x08004bd9   Thumb Code   172  main.o(i.RAM_ReadMap)
    RCC_AHBPeriphClockCmd                    0x08004ca1   Thumb Code    26  stm32lib_include.o(i.RCC_AHBPeriphClockCmd)
    RCC_APB1PeriphClockCmd                   0x08004cc1   Thumb Code    26  stm32lib_include.o(i.RCC_APB1PeriphClockCmd)
    RCC_APB2PeriphClockCmd                   0x08004ce1   Thumb Code    26  stm32lib_include.o(i.RCC_APB2PeriphClockCmd)
    RCC_GetClocksFreq                        0x08004d01   Thumb Code   192  stm32lib_include.o(i.RCC_GetClocksFreq)
    ROM_ReadMap                              0x08004dd5   Thumb Code   174  main.o(i.ROM_ReadMap)
    SPI1_ReadWrite                           0x08004ea1   Thumb Code    50  main.o(i.SPI1_ReadWrite)
    SPI_Cmd                                  0x08004ed9   Thumb Code    24  stm32lib_include.o(i.SPI_Cmd)
    SPI_Enc28j60_Init                        0x08004ef1   Thumb Code   148  main.o(i.SPI_Enc28j60_Init)
    SPI_FLASH_BufferRead                     0x08004f8d   Thumb Code    76  main.o(i.SPI_FLASH_BufferRead)
    SPI_FLASH_BufferWrite                    0x08004fdd   Thumb Code   290  main.o(i.SPI_FLASH_BufferWrite)
    SPI_FLASH_Init                           0x08005101   Thumb Code   176  main.o(i.SPI_FLASH_Init)
    SPI_FLASH_PageWrite                      0x080051b9   Thumb Code    92  main.o(i.SPI_FLASH_PageWrite)
    SPI_FLASH_SendByte                       0x08005219   Thumb Code    50  main.o(i.SPI_FLASH_SendByte)
    SPI_FLASH_WaitForWriteEnd                0x08005251   Thumb Code    44  main.o(i.SPI_FLASH_WaitForWriteEnd)
    SPI_FLASH_WriteEnable                    0x08005281   Thumb Code    26  main.o(i.SPI_FLASH_WriteEnable)
    SPI_I2S_GetFlagStatus                    0x080052a1   Thumb Code    18  stm32lib_include.o(i.SPI_I2S_GetFlagStatus)
    SPI_I2S_ReceiveData                      0x080052b3   Thumb Code     6  stm32lib_include.o(i.SPI_I2S_ReceiveData)
    SPI_I2S_SendData                         0x080052b9   Thumb Code     4  stm32lib_include.o(i.SPI_I2S_SendData)
    SPI_Init                                 0x080052bd   Thumb Code    60  stm32lib_include.o(i.SPI_Init)
    SVC_Handler                              0x080052fd   Thumb Code     2  stm32lib_include.o(i.SVC_Handler)
    Save_AppConfig                           0x08005301   Thumb Code    20  appconfig.o(i.Save_AppConfig)
    Save_VoidConfig                          0x0800531d   Thumb Code    44  appconfig.o(i.Save_VoidConfig)
    SetPoint                                 0x08005349   Thumb Code    64  main.o(i.SetPoint)
    SetWindows                               0x08005471   Thumb Code    60  main.o(i.SetWindows)
    Set_direction                            0x080054b1   Thumb Code   228  main.o(i.Set_direction)
    StringCoppy                              0x08005599   Thumb Code    36  text.o(i.StringCoppy)
    StringEndingAppend                       0x080055bd   Thumb Code    66  text.o(i.StringEndingAppend)
    StringReplaceChar                        0x080055ff   Thumb Code    26  text.o(i.StringReplaceChar)
    StringToIPUint32                         0x08005619   Thumb Code   106  text.o(i.StringToIPUint32)
    SysTick_Handler                          0x08005683   Thumb Code     8  stm32lib_include.o(i.SysTick_Handler)
    SysTick_Set                              0x0800568d   Thumb Code    74  stm32_cpu.o(i.SysTick_Set)
    SystemInit                               0x080056e5   Thumb Code    78  stm32lib_include.o(i.SystemInit)
    TFT_RGB                                  0x08005745   Thumb Code    48  text.o(i.TFT_RGB)
    TGUI_Clear_Show                          0x08005775   Thumb Code    14  main.o(i.TGUI_Clear_Show)
    TGUI_DefaultStyle                        0x08005789   Thumb Code    14  main.o(i.TGUI_DefaultStyle)
    TGUI_Draw_ASCII                          0x080057a9   Thumb Code   150  main.o(i.TGUI_Draw_ASCII)
    TGUI_Draw_FormatString                   0x08005849   Thumb Code   518  main.o(i.TGUI_Draw_FormatString)
    TGUI_Draw_Rectangle                      0x08005a59   Thumb Code    76  main.o(i.TGUI_Draw_Rectangle)
    TGUI_Draw_Word                           0x08005aa5   Thumb Code   172  main.o(i.TGUI_Draw_Word)
    TGUI_Fill_Rectangle                      0x08005b59   Thumb Code    38  main.o(i.TGUI_Fill_Rectangle)
    TGUI_Get_StringPixel                     0x08005b81   Thumb Code    50  main.o(i.TGUI_Get_StringPixel)
    TGUI_Index_Word                          0x08005bb9   Thumb Code    78  main.o(i.TGUI_Index_Word)
    TGUI_Set_Color                           0x08005c0d   Thumb Code    28  main.o(i.TGUI_Set_Color)
    TGUI_Set_Font                            0x08005c2d   Thumb Code    78  main.o(i.TGUI_Set_Font)
    TGUI_Set_LineN                           0x08005c99   Thumb Code     8  main.o(i.TGUI_Set_LineN)
    TGUI_Set_LocalFont                       0x08005ca5   Thumb Code   274  main.o(i.TGUI_Set_LocalFont)
    TGUI_Set_Region                          0x08005dbd   Thumb Code    36  main.o(i.TGUI_Set_Region)
    TGui_3DCobe                              0x08005de5   Thumb Code   978  main.o(i.TGui_3DCobe)
    TGui_Draw_Line                           0x080061e9   Thumb Code   444  main.o(i.TGui_Draw_Line)
    T_DeleteLine                             0x080063a5   Thumb Code   146  main.o(i.T_DeleteLine)
    T_DrawCell                               0x08006439   Thumb Code    48  main.o(i.T_DrawCell)
    T_DrawDotArray                           0x0800646d   Thumb Code   210  main.o(i.T_DrawDotArray)
    T_DrawFillNextForm                       0x08006541   Thumb Code    72  main.o(i.T_DrawFillNextForm)
    T_DrawNextForm                           0x0800658d   Thumb Code   122  main.o(i.T_DrawNextForm)
    T_DrawWords                              0x08006609   Thumb Code   638  main.o(i.T_DrawWords)
    T_FormVoid                               0x08006895   Thumb Code   158  main.o(i.T_FormVoid)
    T_JoinNew                                0x08006933   Thumb Code    48  main.o(i.T_JoinNew)
    T_Load                                   0x08006965   Thumb Code    22  main.o(i.T_Load)
    T_SGetCell                               0x08006981   Thumb Code    92  main.o(i.T_SGetCell)
    T_TetrisPlan                             0x080069dd   Thumb Code   386  main.o(i.T_TetrisPlan)
    Task0                                    0x08006b5f   Thumb Code    12  main.o(i.Task0)
    Task2                                    0x08006b6b   Thumb Code    20  main.o(i.Task2)
    Task_Arrary                              0x08006b81   Thumb Code   108  func_face.o(i.Task_Arrary)
    Task_CramSnake                           0x08006bf5   Thumb Code   650  main.o(i.Task_CramSnake)
    Task_GetKey                              0x08006e8d   Thumb Code    82  main.o(i.Task_GetKey)
    Task_GetKeyBoardZigbee                   0x08006ee5   Thumb Code   126  comkeyboard.o(i.Task_GetKeyBoardZigbee)
    Task_Join                                0x08006f6d   Thumb Code    32  func_face.o(i.Task_Join)
    Task_LifePlay                            0x08006f91   Thumb Code   626  main.o(i.Task_LifePlay)
    Task_LoadConfigs                         0x08007215   Thumb Code    42  main.o(i.Task_LoadConfigs)
    Task_LoadConfigsFromNand                 0x08007251   Thumb Code    48  main.o(i.Task_LoadConfigsFromNand)
    Task_OutAction                           0x080072a5   Thumb Code    82  main.o(i.Task_OutAction)
    Task_PictureMosaic                       0x08007301   Thumb Code   124  main.o(i.Task_PictureMosaic)
    Task_RePaint                             0x0800738d   Thumb Code    44  main.o(i.Task_RePaint)
    Task_ReSave                              0x080073bd   Thumb Code    50  main.o(i.Task_ReSave)
    Task_SaveConfigs                         0x080073f5   Thumb Code    28  main.o(i.Task_SaveConfigs)
    Task_SaveConfigsToNand                   0x08007415   Thumb Code    26  main.o(i.Task_SaveConfigsToNand)
    Task_SetMenuFont                         0x08007435   Thumb Code    22  main.o(i.Task_SetMenuFont)
    Task_SetMsgFont                          0x08007451   Thumb Code    32  main.o(i.Task_SetMsgFont)
    Task_SetTitleFont                        0x0800747d   Thumb Code    14  main.o(i.Task_SetTitleFont)
    Task_ShowAsk                             0x08007491   Thumb Code    10  main.o(i.Task_ShowAsk)
    Task_ShowInfor                           0x080074a9   Thumb Code    18  main.o(i.Task_ShowInfor)
    Task_ShowTos                             0x080074c5   Thumb Code   118  main.o(i.Task_ShowTos)
    Task_ShowYesOrNo                         0x0800754d   Thumb Code    34  main.o(i.Task_ShowYesOrNo)
    Task_TaskManage                          0x08007591   Thumb Code   218  main.o(i.Task_TaskManage)
    Task_Tetris                              0x0800770d   Thumb Code   644  main.o(i.Task_Tetris)
    Task_Waiting                             0x0800799d   Thumb Code    14  main.o(i.Task_Waiting)
    Tools_GetCRC16                           0x080079b5   Thumb Code    56  cheakout.o(i.Tools_GetCRC16)
    Tos_ComputeCPURate                       0x080079f5   Thumb Code    68  tos.o(i.Tos_ComputeCPURate)
    Tos_GetFontHandle                        0x08007a51   Thumb Code     6  main.o(i.Tos_GetFontHandle)
    Tos_GetStyleHandle                       0x08007a5d   Thumb Code     6  main.o(i.Tos_GetStyleHandle)
    Tos_GetTaskIDByName                      0x08007a69   Thumb Code    50  tos.o(i.Tos_GetTaskIDByName)
    Tos_Init                                 0x08007aa1   Thumb Code   132  tos.o(i.Tos_Init)
    Tos_ListCreate                           0x08007b39   Thumb Code    32  tos.o(i.Tos_ListCreate)
    Tos_RootTask                             0x08007b59   Thumb Code    18  tos.o(i.Tos_RootTask)
    Tos_ScanTimer                            0x08007b6d   Thumb Code    52  tos_timer.o(i.Tos_ScanTimer)
    Tos_Start                                0x08007ba5   Thumb Code    32  tos.o(i.Tos_Start)
    Tos_SysTick                              0x08007bd5   Thumb Code    42  tos.o(i.Tos_SysTick)
    Tos_TaskCreate                           0x08007c25   Thumb Code   204  tos.o(i.Tos_TaskCreate)
    Tos_TaskCreateFindID                     0x08007cf5   Thumb Code    94  tos.o(i.Tos_TaskCreateFindID)
    Tos_TaskCreateQmsg                       0x08007d59   Thumb Code    86  tos.o(i.Tos_TaskCreateQmsg)
    Tos_TaskDelay                            0x08007db9   Thumb Code    84  tos.o(i.Tos_TaskDelay)
    Tos_TaskDelete                           0x08007e19   Thumb Code   140  tos.o(i.Tos_TaskDelete)
    Tos_TaskDropDev                          0x08007ea9   Thumb Code    56  tos_device.o(i.Tos_TaskDropDev)
    Tos_TaskGetDev                           0x08007ee9   Thumb Code   132  tos_device.o(i.Tos_TaskGetDev)
    Tos_TaskGetIO_InPut                      0x08007f75   Thumb Code    10  main.o(i.Tos_TaskGetIO_InPut)
    Tos_TaskGetKeyBoard                      0x08007f89   Thumb Code    10  comkeyboard.o(i.Tos_TaskGetKeyBoard)
    Tos_TaskGetQMsg                          0x08007f9d   Thumb Code    98  tos.o(i.Tos_TaskGetQMsg)
    Tos_TaskGetQMsgDelay                     0x08008009   Thumb Code    98  tos.o(i.Tos_TaskGetQMsgDelay)
    Tos_TaskPutQmsg                          0x08008075   Thumb Code   126  tos.o(i.Tos_TaskPutQmsg)
    Tos_TaskReady                            0x080080f9   Thumb Code   182  tos.o(i.Tos_TaskReady)
    Tos_TaskRecover                          0x080081b9   Thumb Code    46  tos.o(i.Tos_TaskRecover)
    Tos_TaskResume                           0x080081ed   Thumb Code   102  tos.o(i.Tos_TaskResume)
    Tos_TaskRun                              0x08008259   Thumb Code    66  tos.o(i.Tos_TaskRun)
    Tos_TaskStackInit                        0x080082ad   Thumb Code   110  tos.o(i.Tos_TaskStackInit)
    Tos_TaskStart                            0x0800831d   Thumb Code    28  tos.o(i.Tos_TaskStart)
    Tos_TaskStop                             0x08008341   Thumb Code    70  tos.o(i.Tos_TaskStop)
    Tos_TaskSuspend                          0x0800838d   Thumb Code   118  tos.o(i.Tos_TaskSuspend)
    Tos_TaskSwitch                           0x08008409   Thumb Code   148  tos.o(i.Tos_TaskSwitch)
    Tos_TaskTcbInit                          0x080084a9   Thumb Code    18  tos.o(i.Tos_TaskTcbInit)
    Tos_TaskTimeout                          0x080084bd   Thumb Code    78  tos.o(i.Tos_TaskTimeout)
    Tos_TimerReady                           0x08008511   Thumb Code    78  tos_timer.o(i.Tos_TimerReady)
    Tos_WaitDev                              0x08008565   Thumb Code    50  tos.o(i.Tos_WaitDev)
    USART1_IRQHandler                        0x080085a1   Thumb Code    64  usart_driver.o(i.USART1_IRQHandler)
    USART2_IRQHandler                        0x080085f5   Thumb Code    76  usart_driver.o(i.USART2_IRQHandler)
    USART3_IRQHandler                        0x08008655   Thumb Code    76  usart_driver.o(i.USART3_IRQHandler)
    USART_ClearFlag                          0x080086b5   Thumb Code    18  stm32lib_include.o(i.USART_ClearFlag)
    USART_ClearITPendingBit                  0x080086c7   Thumb Code    30  stm32lib_include.o(i.USART_ClearITPendingBit)
    USART_Cmd                                0x080086e5   Thumb Code    24  stm32lib_include.o(i.USART_Cmd)
    USART_Configuration                      0x080086fd   Thumb Code   118  usart_driver.o(i.USART_Configuration)
    USART_ConfigurationAll                   0x08008789   Thumb Code   110  usart_driver.o(i.USART_ConfigurationAll)
    USART_GPIO_Init                          0x080087f9   Thumb Code   164  usart_driver.o(i.USART_GPIO_Init)
    USART_GPIO_InitAll                       0x080088c1   Thumb Code    86  usart_driver.o(i.USART_GPIO_InitAll)
    USART_GetITStatus                        0x08008917   Thumb Code    84  stm32lib_include.o(i.USART_GetITStatus)
    USART_GetIndex                           0x0800896d   Thumb Code    62  usart_driver.o(i.USART_GetIndex)
    USART_GetTypeDef                         0x080089b5   Thumb Code    40  usart_driver.o(i.USART_GetTypeDef)
    USART_ITConfig                           0x080089f1   Thumb Code    74  stm32lib_include.o(i.USART_ITConfig)
    USART_Init                               0x08008a3d   Thumb Code   208  stm32lib_include.o(i.USART_Init)
    USART_Read                               0x08008b15   Thumb Code    46  usart_driver.o(i.USART_Read)
    USART_ReadDatas                          0x08008b45   Thumb Code   150  usart_driver.o(i.USART_ReadDatas)
    USART_Write                              0x08008bf5   Thumb Code    32  usart_driver.o(i.USART_Write)
    USART_WriteDatas                         0x08008c15   Thumb Code    32  usart_driver.o(i.USART_WriteDatas)
    USBWakeUp_IRQHandler                     0x08008c35   Thumb Code    12  stm32lib_include.o(i.USBWakeUp_IRQHandler)
    UsageFault_Handler                       0x08008c41   Thumb Code     4  stm32lib_include.o(i.UsageFault_Handler)
    W25Q16_LoadConfig                        0x08008c45   Thumb Code    20  main.o(i.W25Q16_LoadConfig)
    W25Q16_Read                              0x08008c5d   Thumb Code    20  main.o(i.W25Q16_Read)
    W25Q16_SaveConfig                        0x08008c71   Thumb Code    20  main.o(i.W25Q16_SaveConfig)
    W25Q16_StdRead                           0x08008c89   Thumb Code    20  main.o(i.W25Q16_StdRead)
    W25Q16_StdWrite                          0x08008c9d   Thumb Code    20  main.o(i.W25Q16_StdWrite)
    W25Q16_Write                             0x08008cb1   Thumb Code    20  main.o(i.W25Q16_Write)
    Web_App                                  0x08008cc5   Thumb Code   682  main.o(i.Web_App)
    Web_Enter                                0x08008ff5   Thumb Code   288  main.o(i.Web_Enter)
    Web_SendKey                              0x0800911d   Thumb Code    24  main.o(i.Web_SendKey)
    __0vsprintf                              0x08009139   Thumb Code    30  printfa.o(i.__0vsprintf)
    __1vsprintf                              0x08009139   Thumb Code     0  printfa.o(i.__0vsprintf)
    __2vsprintf                              0x08009139   Thumb Code     0  printfa.o(i.__0vsprintf)
    __c89vsprintf                            0x08009139   Thumb Code     0  printfa.o(i.__0vsprintf)
    vsprintf                                 0x08009139   Thumb Code     0  printfa.o(i.__0vsprintf)
    __ARM_fpclassify                         0x0800915d   Thumb Code    40  fpclassify.o(i.__ARM_fpclassify)
    __ieee754_rem_pio2                       0x08009185   Thumb Code   832  rred.o(i.__ieee754_rem_pio2)
    __kernel_cos                             0x0800950d   Thumb Code   230  cos_i.o(i.__kernel_cos)
    __kernel_poly                            0x08009609   Thumb Code   170  poly.o(i.__kernel_poly)
    __kernel_sin                             0x080096b5   Thumb Code   224  sin_i.o(i.__kernel_sin)
    __mathlib_dbl_underflow                  0x080097a1   Thumb Code    10  dunder.o(i.__mathlib_dbl_underflow)
    __scatterload_copy                       0x080097b1   Thumb Code    14  handlers.o(i.__scatterload_copy)
    __scatterload_null                       0x080097bf   Thumb Code     2  handlers.o(i.__scatterload_null)
    __scatterload_zeroinit                   0x080097c1   Thumb Code    14  handlers.o(i.__scatterload_zeroinit)
    __set_errno                              0x080097d1   Thumb Code     6  errno.o(i.__set_errno)
    analyse_get_Index                        0x0800a089   Thumb Code   114  main.o(i.analyse_get_Index)
    checksum                                 0x0800a0fb   Thumb Code    82  main.o(i.checksum)
    cos                                      0x0800a14d   Thumb Code   164  cos.o(i.cos)
    enc28j60Init                             0x0800a1f9   Thumb Code   308  main.o(i.enc28j60Init)
    enc28j60PacketReceive                    0x0800a335   Thumb Code   188  main.o(i.enc28j60PacketReceive)
    enc28j60PacketSend                       0x0800a3f5   Thumb Code   102  main.o(i.enc28j60PacketSend)
    enc28j60PhyWrite                         0x0800a45b   Thumb Code    48  main.o(i.enc28j60PhyWrite)
    enc28j60Read                             0x0800a48b   Thumb Code    20  main.o(i.enc28j60Read)
    enc28j60ReadBuffer                       0x0800a4a1   Thumb Code    50  main.o(i.enc28j60ReadBuffer)
    enc28j60ReadOp                           0x0800a4d9   Thumb Code    62  main.o(i.enc28j60ReadOp)
    enc28j60SetBank                          0x0800a51d   Thumb Code    48  main.o(i.enc28j60SetBank)
    enc28j60Write                            0x0800a551   Thumb Code    24  main.o(i.enc28j60Write)
    enc28j60WriteBuffer                      0x0800a569   Thumb Code    44  main.o(i.enc28j60WriteBuffer)
    enc28j60WriteOp                          0x0800a599   Thumb Code    52  main.o(i.enc28j60WriteOp)
    eth_type_is_arp_and_my_ip                0x0800a5d1   Thumb Code    64  main.o(i.eth_type_is_arp_and_my_ip)
    eth_type_is_ip_and_my_ip                 0x0800a615   Thumb Code    72  main.o(i.eth_type_is_ip_and_my_ip)
    fill_ip_hdr_checksum                     0x0800a661   Thumb Code    44  main.o(i.fill_ip_hdr_checksum)
    fill_tcp_data                            0x0800a68d   Thumb Code    28  main.o(i.fill_tcp_data)
    fill_tcp_data_p                          0x0800a6a9   Thumb Code    28  main.o(i.fill_tcp_data_p)
    get_tcp_data_pointer                     0x0800a6c5   Thumb Code    18  main.o(i.get_tcp_data_pointer)
    init_ip_arp_udp_tcp                      0x0800a6e1   Thumb Code    46  main.o(i.init_ip_arp_udp_tcp)
    init_len_info                            0x0800a71d   Thumb Code    56  main.o(i.init_len_info)
    main                                     0x0800a75d   Thumb Code    44  main.o(i.main)
    make_arp_answer_from_request             0x0800a799   Thumb Code    92  main.o(i.make_arp_answer_from_request)
    make_echo_reply_from_request             0x0800a7fd   Thumb Code    62  main.o(i.make_echo_reply_from_request)
    make_eth                                 0x0800a83d   Thumb Code    30  main.o(i.make_eth)
    make_ip                                  0x0800a861   Thumb Code    44  main.o(i.make_ip)
    make_tcp_ack_from_any                    0x0800a891   Thumb Code    98  main.o(i.make_tcp_ack_from_any)
    make_tcp_ack_with_data                   0x0800a8f9   Thumb Code    76  main.o(i.make_tcp_ack_with_data)
    make_tcp_synack_from_syn                 0x0800a945   Thumb Code    76  main.o(i.make_tcp_synack_from_syn)
    make_tcphead                             0x0800a991   Thumb Code   180  main.o(i.make_tcphead)
    make_udp_reply_from_request              0x0800aa4d   Thumb Code   124  main.o(i.make_udp_reply_from_request)
    sin                                      0x0800aac9   Thumb Code   166  sin.o(i.sin)
    verify_password                          0x0800ab79   Thumb Code    24  main.o(i.verify_password)
    Crc16_TableH                             0x0800ab94   Data         256  cheakout.o(.constdata)
    Crc16_TableL                             0x0800ac94   Data         256  cheakout.o(.constdata)
    GBKLib_FontType1212                      0x0800ad94   Data          20  main.o(.constdata)
    GBKLib_FontType1616                      0x0800ada8   Data          20  main.o(.constdata)
    GBKLib_FontType1624                      0x0800adbc   Data          20  main.o(.constdata)
    GBKLib_FontType2424                      0x0800add0   Data          20  main.o(.constdata)
    GBKLib_FontType3232                      0x0800ade4   Data          20  main.o(.constdata)
    GBKLib_FontType4848                      0x0800adf8   Data          20  main.o(.constdata)
    GBK0612Lib                               0x0800ae0c   Data        1140  main.o(.constdata)
    GBK1212_Index                            0x0800b280   Data          15  main.o(.constdata)
    GBK1212Lib                               0x0800b28f   Data         168  main.o(.constdata)
    GBK0816Lib                               0x0800b337   Data        1520  main.o(.constdata)
    GBK1616_Index                            0x0800b927   Data           9  main.o(.constdata)
    GBK1616Lib                               0x0800b930   Data         128  main.o(.constdata)
    GBK0824Lib                               0x0800b9b0   Data        2280  main.o(.constdata)
    GBK1624_Index                            0x0800c298   Data           9  main.o(.constdata)
    GBK1624Lib                               0x0800c2a1   Data         192  main.o(.constdata)
    GBK1224Lib                               0x0800c361   Data        4560  main.o(.constdata)
    GBK2424_Index                            0x0800d531   Data           9  main.o(.constdata)
    GBK2424Lib                               0x0800d53a   Data         288  main.o(.constdata)
    GBK1632Lib                               0x0800d65a   Data        6080  main.o(.constdata)
    GBK3232_Index                            0x0800ee1a   Data           9  main.o(.constdata)
    GBK3232Lib                               0x0800ee23   Data         512  main.o(.constdata)
    GBK2448Lib                               0x0800f023   Data       13680  main.o(.constdata)
    GBK4848_Index                            0x08012593   Data           9  main.o(.constdata)
    GBK4848Lib                               0x0801259c   Data        1152  main.o(.constdata)
    aa                                       0x08012a1c   Data          16  main.o(.constdata)
    bb                                       0x08012a2c   Data          16  main.o(.constdata)
    cc                                       0x08012a3c   Data          16  main.o(.constdata)
    ff                                       0x08012a4c   Data          24  main.o(.constdata)
    gg                                       0x08012a64   Data          24  main.o(.constdata)
    C3D_Default                              0x08012a7c   Data           8  main.o(.constdata)
    IO_GPIO_List                             0x08012a84   Data          48  main.o(.constdata)
    W25Q16_GPIO_List                         0x08012ab4   Data          36  main.o(.constdata)
    Nrf_GPIO_List                            0x08012ad8   Data          72  main.o(.constdata)
    SPI_Nrf                                  0x08012b20   Data          28  main.o(.constdata)
    TOSLogoLib                               0x08012b3c   Data       33214  main.o(.constdata)
    LifePlayCellDie                          0x0801acfa   Data         804  main.o(.constdata)
    LifePlayCellLive                         0x0801b01e   Data         804  main.o(.constdata)
    Menu0x1100                               0x0801b4dc   Data         120  main.o(.constdata)
    Menu0x1200                               0x0801b554   Data          72  main.o(.constdata)
    Menu0x1300                               0x0801b59c   Data          96  main.o(.constdata)
    Menu0x1000                               0x0801b5fc   Data          60  main.o(.constdata)
    Menu0x2100                               0x0801b638   Data          60  main.o(.constdata)
    Menu0x2200                               0x0801b674   Data          72  main.o(.constdata)
    Menu0x2000                               0x0801b6bc   Data          48  main.o(.constdata)
    Menu0x3100                               0x0801b6ec   Data          60  main.o(.constdata)
    Menu0x3200                               0x0801b728   Data          72  main.o(.constdata)
    Menu0x3300                               0x0801b770   Data          60  main.o(.constdata)
    Menu0x3000                               0x0801b7ac   Data          72  main.o(.constdata)
    Menu0x4100                               0x0801b7f4   Data          96  main.o(.constdata)
    Menu0x4210                               0x0801b854   Data          96  main.o(.constdata)
    Menu0x4220                               0x0801b8b4   Data          96  main.o(.constdata)
    Menu0x4230                               0x0801b914   Data          96  main.o(.constdata)
    Menu0x4200                               0x0801b974   Data          72  main.o(.constdata)
    Menu0x4300                               0x0801b9bc   Data          72  main.o(.constdata)
    Menu0x4000                               0x0801ba04   Data          72  main.o(.constdata)
    Menu0x5000                               0x0801ba4c   Data          84  main.o(.constdata)
    Menu0x6000                               0x0801baa0   Data          72  main.o(.constdata)
    MenuHome                                 0x0801bae8   Data          96  main.o(.constdata)
    TaskList                                 0x0801bb48   Data         128  main.o(.constdata)
    Region$$Table$$Base                      0x0801c588   Number         0  anon$$obj.o(Region$$Table)
    Region$$Table$$Limit                     0x0801c5a8   Number         0  anon$$obj.o(Region$$Table)
    SystemCoreClock                          0x20000014   Data           4  stm32lib_include.o(.data)
    AHBPrescTable                            0x20000018   Data          16  stm32lib_include.o(.data)
    DeviceId_USART_TX                        0x20000028   Data           5  usart_driver.o(.data)
    DeviceId_USART_RX                        0x2000002d   Data           5  usart_driver.o(.data)
    USART_TX_TaskID                          0x20000032   Data           5  usart_driver.o(.data)
    USART_RX_TaskID                          0x20000037   Data           5  usart_driver.o(.data)
    guiNextTaskSp                            0x20000048   Data           4  tos.o(.data)
    gpuiCurTaskSpAddr                        0x2000004c   Data           4  tos.o(.data)
    Tos_CPUInfor                             0x20000050   Data           8  tos.o(.data)
    Tos_TaskCurrent                          0x20000058   Data           1  tos.o(.data)
    Tos_TaskMail                             0x2000005c   Data           4  tos.o(.data)
    Tos_TaskTcb                              0x20000060   Data           4  tos.o(.data)
    Tos_TaskStackIndex                       0x20000064   Data           4  tos.o(.data)
    Tos_Timer_P                              0x20000068   Data           4  tos_timer.o(.data)
    DeviceId_Index                           0x2000006c   Data           1  tos_device.o(.data)
    Tos_Device_Tab                           0x20000070   Data           4  tos_device.o(.data)
    RootMema                                 0x20000074   Data           4  tos_mema.o(.data)
    TaskArray_Tos_TaskID                     0x20000078   Data           1  func_face.o(.data)
    KeyBoard_Tos_TaskID                      0x20000079   Data           1  comkeyboard.o(.data)
    DeviceId_LCD                             0x2000007c   Data           1  main.o(.data)
    DeviceId_IO                              0x2000007d   Data           1  main.o(.data)
    KeyIn_Tos_TaskID                         0x2000007e   Data           1  main.o(.data)
    DeviceId_W25Q16                          0x2000007f   Data           1  main.o(.data)
    aaaa                                     0x20000080   Data           1  main.o(.data)
    TX_ADDRESS                               0x20000081   Data           5  main.o(.data)
    RX_ADDRESS                               0x20000086   Data           5  main.o(.data)
    DeviceId_ZIGBEE                          0x2000008b   Data           1  main.o(.data)
    BoolString                               0x2000008c   Data           8  main.o(.data)
    _Tos_Cpu_Freq                            0x20000094   Data           4  main.o(.data)
    P_TGui_Style                             0x200000d4   Data           4  main.o(.data)
    P_TGUI_Font                              0x200000d8   Data           4  main.o(.data)
    Cursor_X                                 0x200000dc   Data           2  main.o(.data)
    Cursor_Y                                 0x200000de   Data           2  main.o(.data)
    sx                                       0x200000e0   Data           4  main.o(.data)
    sy                                       0x200000e4   Data           4  main.o(.data)
    ex                                       0x200000e8   Data           4  main.o(.data)
    ey                                       0x200000ec   Data           4  main.o(.data)
    RX_BUF                                   0x200000f0   Data           4  main.o(.data)
    TX_BUF                                   0x200000f4   Data           4  main.o(.data)
    MenuValue                                0x200000f8   Data           4  main.o(.data)
    CurGetMenu                               0x2000010c   Data           4  main.o(.data)
    USART_RX_Buffer                          0x20000118   Data          20  usart_driver.o(.bss)
    USART_TX_Buffer                          0x2000012c   Data          20  usart_driver.o(.bss)
    USART_RX_Count                           0x20000140   Data          10  usart_driver.o(.bss)
    USART_RX_Index                           0x2000014a   Data          10  usart_driver.o(.bss)
    MemBuf                                   0x20000154   Data       40000  tos_mema.o(.bss)
    TGui_Style                               0x20009d94   Data          22  main.o(.bss)
    TGUI_Font                                0x20009dac   Data          28  main.o(.bss)
    Run_Value                                0x20009dc8   Data          64  main.o(.bss)
    Web_Buf                                  0x20009e08   Data        2501  main.o(.bss)
    __initial_sp                             0x2000abd0   Data           0  startup_stm32f10x_md.o(STACK)



==============================================================================

Memory Map of the image

  Image Entry point : 0x080000ed

  Load Region LR_IROM1 (Base: 0x08000000, Size: 0x0001c6c0, Max: 0x00080000, ABSOLUTE)

    Execution Region ER_IROM1 (Base: 0x08000000, Size: 0x0001c5a8, Max: 0x00080000, ABSOLUTE)

    Base Addr    Size         Type   Attr      Idx    E Section Name        Object

    0x08000000   0x000000ec   Data   RO         3145    RESET               startup_stm32f10x_md.o
    0x080000ec   0x00000000   Code   RO         6885  * .ARM.Collect$$$$00000000  mc_w.l(entry.o)
    0x080000ec   0x00000004   Code   RO         6975    .ARM.Collect$$$$00000001  mc_w.l(entry2.o)
    0x080000f0   0x00000004   Code   RO         6978    .ARM.Collect$$$$00000004  mc_w.l(entry5.o)
    0x080000f4   0x00000000   Code   RO         6980    .ARM.Collect$$$$00000008  mc_w.l(entry7b.o)
    0x080000f4   0x00000000   Code   RO         6982    .ARM.Collect$$$$0000000A  mc_w.l(entry8b.o)
    0x080000f4   0x00000008   Code   RO         6983    .ARM.Collect$$$$0000000B  mc_w.l(entry9a.o)
    0x080000fc   0x00000000   Code   RO         6985    .ARM.Collect$$$$0000000D  mc_w.l(entry10a.o)
    0x080000fc   0x00000000   Code   RO         6987    .ARM.Collect$$$$0000000F  mc_w.l(entry11a.o)
    0x080000fc   0x00000004   Code   RO         6976    .ARM.Collect$$$$00002712  mc_w.l(entry2.o)
    0x08000100   0x00000024   Code   RO         3146    .text               startup_stm32f10x_md.o
    0x08000124   0x00000024   Code   RO         6888    .text               mc_w.l(rand.o)
    0x08000148   0x00000024   Code   RO         6891    .text               mc_w.l(memcpya.o)
    0x0800016c   0x0000001e   Code   RO         6893    .text               mc_w.l(strncmp.o)
    0x0800018a   0x000000b0   Code   RO         6925    .text               mf_w.l(fadd.o)
    0x0800023a   0x0000006c   Code   RO         6927    .text               mf_w.l(fmul.o)
    0x080002a6   0x00000080   Code   RO         6929    .text               mf_w.l(fdiv.o)
    0x08000326   0x0000014e   Code   RO         6931    .text               mf_w.l(dadd.o)
    0x08000474   0x000000e4   Code   RO         6933    .text               mf_w.l(dmul.o)
    0x08000558   0x000000de   Code   RO         6935    .text               mf_w.l(ddiv.o)
    0x08000636   0x00000012   Code   RO         6937    .text               mf_w.l(fflti.o)
    0x08000648   0x0000000a   Code   RO         6939    .text               mf_w.l(ffltui.o)
    0x08000652   0x00000022   Code   RO         6941    .text               mf_w.l(dflti.o)
    0x08000674   0x0000001a   Code   RO         6943    .text               mf_w.l(dfltui.o)
    0x0800068e   0x00000032   Code   RO         6945    .text               mf_w.l(ffixi.o)
    0x080006c0   0x00000028   Code   RO         6947    .text               mf_w.l(ffixui.o)
    0x080006e8   0x00000026   Code   RO         6951    .text               mf_w.l(f2d.o)
    0x0800070e   0x00000038   Code   RO         6955    .text               mf_w.l(d2f.o)
    0x08000746   0x0000002c   Code   RO         6992    .text               mc_w.l(uidiv.o)
    0x08000772   0x00000062   Code   RO         6994    .text               mc_w.l(uldiv.o)
    0x080007d4   0x0000001e   Code   RO         6996    .text               mc_w.l(llshl.o)
    0x080007f2   0x00000020   Code   RO         6998    .text               mc_w.l(llushr.o)
    0x08000812   0x00000024   Code   RO         7000    .text               mc_w.l(llsshr.o)
    0x08000836   0x00000000   Code   RO         7009    .text               mc_w.l(iusefp.o)
    0x08000836   0x0000006c   Code   RO         7010    .text               mf_w.l(fepilogue.o)
    0x080008a2   0x000000be   Code   RO         7012    .text               mf_w.l(depilogue.o)
    0x08000960   0x0000002e   Code   RO         7014    .text               mf_w.l(dscalb.o)
    0x0800098e   0x00000030   Code   RO         7016    .text               mf_w.l(dfixul.o)
    0x080009be   0x00000002   PAD
    0x080009c0   0x00000028   Code   RO         7018    .text               mf_w.l(cdrcmple.o)
    0x080009e8   0x00000024   Code   RO         7026    .text               mc_w.l(init.o)
    0x08000a0c   0x0000003e   Code   RO         7030    .text               mf_w.l(dfixi.o)
    0x08000a4a   0x00000002   PAD
    0x08000a4c   0x00000050   Code   RO         4053    TOS_CORE_A          tos_core_a.o
    0x08000a9c   0x00000028   Code   RO         4210    i.ALL_TFT           text.o
    0x08000ac4   0x0000001a   Code   RO         3526    i.BareDelay         stm32_cpu.o
    0x08000ade   0x00000022   Code   RO         4214    i.BufferCoppy       text.o
    0x08000b00   0x00000016   Code   RO         4215    i.BufferFill        text.o
    0x08000b16   0x00000004   Code   RO           49    i.BusFault_Handler  stm32lib_include.o
    0x08000b1a   0x00000052   Code   RO         4216    i.BytesFindString   text.o
    0x08000b6c   0x00000034   Code   RO         4965    i.CS_DrawCell       main.o
    0x08000ba0   0x000000d2   Code   RO         4966    i.CS_DrawDotArray   main.o
    0x08000c72   0x00000002   PAD
    0x08000c74   0x0000004c   Code   RO         4967    i.CS_DrawFillNextForm  main.o
    0x08000cc0   0x0000007a   Code   RO         4968    i.CS_DrawNextForm   main.o
    0x08000d3a   0x00000002   PAD
    0x08000d3c   0x00000138   Code   RO         4969    i.CS_DrawWords      main.o
    0x08000e74   0x0000001c   Code   RO         4971    i.CS_Load           main.o
    0x08000e90   0x00000128   Code   RO         4974    i.CS_SnakePlan      main.o
    0x08000fb8   0x00000014   Code   RO         4218    i.ClearWithBuffer   text.o
    0x08000fcc   0x0000003c   Code   RO         4220    i.CompareWithString  text.o
    0x08001008   0x00000002   Code   RO         4102    i.DeBug             debug.o
    0x0800100a   0x00000002   Code   RO          121    i.DebugMon_Handler  stm32lib_include.o
    0x0800100c   0x00000012   Code   RO         4976    i.Delay             main.o
    0x0800101e   0x00000002   PAD
    0x08001020   0x00000080   Code   RO         3976    i.DeviceList_Init   tos_device.o
    0x080010a0   0x000000e0   Code   RO         4977    i.DeviceMount_IO    main.o
    0x08001180   0x000000b0   Code   RO         4978    i.DeviceMount_Lcd   main.o
    0x08001230   0x000001c4   Code   RO         3265    i.DeviceMount_Usart  usart_driver.o
    0x080013f4   0x000000c4   Code   RO         4979    i.DeviceMount_W25Q16  main.o
    0x080014b8   0x000000b8   Code   RO         3980    i.Device_Init       tos_device.o
    0x08001570   0x00000028   Code   RO         4981    i.Draw_Full_List    main.o
    0x08001598   0x0000000a   Code   RO         3527    i.EXTI0_IRQHandler  stm32_cpu.o
    0x080015a2   0x00000002   PAD
    0x080015a4   0x0000000c   Code   RO          123    i.EXTI_ClearITPendingBit  stm32lib_include.o
    0x080015b0   0x0000004c   Code   RO          135    i.FLASH_ErasePage   stm32lib_include.o
    0x080015fc   0x00000034   Code   RO          136    i.FLASH_GetBank1Status  stm32lib_include.o
    0x08001630   0x00000014   Code   RO          145    i.FLASH_Lock        stm32lib_include.o
    0x08001644   0x00000040   Code   RO          148    i.FLASH_ProgramHalfWord  stm32lib_include.o
    0x08001684   0x00000018   Code   RO          153    i.FLASH_Unlock      stm32lib_include.o
    0x0800169c   0x00000026   Code   RO          157    i.FLASH_WaitForLastOperation  stm32lib_include.o
    0x080016c2   0x00000054   Code   RO         4985    i.FSMC_LCD_Init     main.o
    0x08001716   0x00000002   PAD
    0x08001718   0x00000034   Code   RO          169    i.FSMC_NORSRAMCmd   stm32lib_include.o
    0x0800174c   0x000000e0   Code   RO          171    i.FSMC_NORSRAMInit  stm32lib_include.o
    0x0800182c   0x00000068   Code   RO         4986    i.Fast_Draw_Fill_List  main.o
    0x08001894   0x00000040   Code   RO         4987    i.Fast_Fill_Rectangle  main.o
    0x080018d4   0x0000001c   Code   RO         4813    i.Flash_ReadData    appconfig.o
    0x080018f0   0x00000070   Code   RO         4814    i.Flash_WriteData   appconfig.o
    0x08001960   0x0000003a   Code   RO         4235    i.FlowPoolFilter    text.o
    0x0800199a   0x0000001e   Code   RO         4236    i.FmtToBuf          text.o
    0x080019b8   0x00000112   Code   RO          183    i.GPIO_Init         stm32lib_include.o
    0x08001aca   0x00000002   PAD
    0x08001acc   0x00000084   Code   RO         3528    i.GPIO_InitList     stm32_cpu.o
    0x08001b50   0x00000012   Code   RO          187    i.GPIO_ReadInputDataBit  stm32lib_include.o
    0x08001b62   0x00000004   Code   RO          190    i.GPIO_ResetBits    stm32lib_include.o
    0x08001b66   0x00000004   Code   RO          191    i.GPIO_SetBits      stm32lib_include.o
    0x08001b6a   0x0000001e   Code   RO         4240    i.GetCountSize      text.o
    0x08001b88   0x000000e4   Code   RO         4242    i.GetHexFromString  text.o
    0x08001c6c   0x00000274   Code   RO         4988    i.GetInPutHtml      main.o
    0x08001ee0   0x00000300   Code   RO         4990    i.GetMenuHtml       main.o
    0x080021e0   0x00000026   Code   RO         4243    i.GetStringByFmt    text.o
    0x08002206   0x00000002   PAD
    0x08002208   0x000000c4   Code   RO         4246    i.GetStringToNumber  text.o
    0x080022cc   0x00000018   Code   RO         4247    i.GetTextLength     text.o
    0x080022e4   0x0000002c   Code   RO         3532    i.GetTosTask_Count  stm32_cpu.o
    0x08002310   0x00000020   Code   RO         4992    i.GetVoidWord       main.o
    0x08002330   0x00000026   Code   RO         4248    i.GetWordFromBytes  text.o
    0x08002356   0x00000002   PAD
    0x08002358   0x00000028   Code   RO         4993    i.HX8347_Clear_Screen  main.o
    0x08002380   0x000000f0   Code   RO         4994    i.HX8347_GPIO_Init  main.o
    0x08002470   0x0000043c   Code   RO         4995    i.HX8347_Initializtion  main.o
    0x080028ac   0x00000008   Code   RO          195    i.HardFault_Handler  stm32lib_include.o
    0x080028b4   0x00000030   Code   RO         4249    i.HtmlGetGB2312     text.o
    0x080028e4   0x0000000c   Code   RO         3535    i.IAP_ErasePage     stm32_cpu.o
    0x080028f0   0x00000008   Code   RO         3536    i.IAP_Lock          stm32_cpu.o
    0x080028f8   0x00000010   Code   RO         3537    i.IAP_ProgramHalfWord  stm32_cpu.o
    0x08002908   0x00000008   Code   RO         3538    i.IAP_Unlock        stm32_cpu.o
    0x08002910   0x0000003c   Code   RO         4996    i.IO_Read           main.o
    0x0800294c   0x00000064   Code   RO         4997    i.IO_Write          main.o
    0x080029b0   0x00000020   Code   RO         4998    i.Index_Uchar       main.o
    0x080029d0   0x00000040   Code   RO         4999    i.Index_Word        main.o
    0x08002a10   0x00000130   Code   RO         5000    i.Key_GetASCII      main.o
    0x08002b40   0x00000160   Code   RO         5001    i.Key_GetWord       main.o
    0x08002ca0   0x00000026   Code   RO         5005    i.LCD_Draw_LineX    main.o
    0x08002cc6   0x00000026   Code   RO         5006    i.LCD_Draw_LineY    main.o
    0x08002cec   0x000000d0   Code   RO         5011    i.LP_DrawCell       main.o
    0x08002dbc   0x00000156   Code   RO         5012    i.LP_DrawDotArray   main.o
    0x08002f12   0x00000002   PAD
    0x08002f14   0x0000013c   Code   RO         5013    i.LP_DrawWords      main.o
    0x08003050   0x0000011c   Code   RO         4664    i.LP_LifePlan       operation.o
    0x0800316c   0x0000001c   Code   RO         5014    i.LP_Load           main.o
    0x08003188   0x0000001c   Code   RO         5015    i.LP_Save           main.o
    0x080031a4   0x00000002   Code   RO         5016    i.Lcd_Read          main.o
    0x080031a6   0x00000002   Code   RO         5017    i.Lcd_Write         main.o
    0x080031a8   0x0000001c   Code   RO         4815    i.Load_AppConfig    appconfig.o
    0x080031c4   0x00000066   Code   RO         4816    i.Load_VoidConfig   appconfig.o
    0x0800322a   0x00000002   PAD
    0x0800322c   0x00000028   Code   RO         3541    i.MCU_Reset         stm32_cpu.o
    0x08003254   0x0000022a   Code   RO         5018    i.MGUI_DrawBitMap   main.o
    0x0800347e   0x00000002   PAD
    0x08003480   0x0000012c   Code   RO         5019    i.MUI_Draw          main.o
    0x080035ac   0x0000011c   Code   RO         5020    i.MUI_DrawMenu      main.o
    0x080036c8   0x00000150   Code   RO         5021    i.MUI_Enter         main.o
    0x08003818   0x00000074   Code   RO         5022    i.MUI_Fill_Bar      main.o
    0x0800388c   0x0000011c   Code   RO         5023    i.MUI_GetColor      main.o
    0x080039a8   0x00000024   Code   RO         5024    i.MUI_GetCurMenuInfor  main.o
    0x080039cc   0x000000fc   Code   RO         5025    i.MUI_GetIP         main.o
    0x08003ac8   0x00000022   Code   RO         5026    i.MUI_GetKey        main.o
    0x08003aea   0x00000002   PAD
    0x08003aec   0x00000158   Code   RO         5027    i.MUI_GetOptionString  main.o
    0x08003c44   0x00000104   Code   RO         5028    i.MUI_GetString     main.o
    0x08003d48   0x000000f0   Code   RO         5029    i.MUI_GetValue      main.o
    0x08003e38   0x000000a0   Code   RO         5031    i.MUI_Init          main.o
    0x08003ed8   0x00000016   Code   RO         5032    i.MUI_OptionLength  main.o
    0x08003eee   0x00000002   PAD
    0x08003ef0   0x00000028   Code   RO         5033    i.MUI_ReSetTitle    main.o
    0x08003f18   0x0000002c   Code   RO         5034    i.MUI_SetDrawClear  main.o
    0x08003f44   0x00000180   Code   RO         5035    i.MUI_Task          main.o
    0x080040c4   0x00000068   Code   RO         5036    i.MUI_Title         main.o
    0x0800412c   0x00000208   Code   RO         5037    i.MUI_Waiting       main.o
    0x08004334   0x00000004   Code   RO          238    i.MemManage_Handler  stm32lib_include.o
    0x08004338   0x0000002e   Code   RO         4057    i.Mema_Extend       tos_mema.o
    0x08004366   0x00000002   PAD
    0x08004368   0x00000030   Code   RO         4058    i.Mema_Free         tos_mema.o
    0x08004398   0x0000001c   Code   RO         4059    i.Mema_Init         tos_mema.o
    0x080043b4   0x0000004c   Code   RO         4060    i.Mema_Malloc       tos_mema.o
    0x08004400   0x00000030   Code   RO         4158    i.MyCom_CheckCrc    modbus.o
    0x08004430   0x00000002   Code   RO          239    i.NMI_Handler       stm32lib_include.o
    0x08004432   0x00000002   PAD
    0x08004434   0x00000074   Code   RO          240    i.NVIC_Init         stm32lib_include.o
    0x080044a8   0x00000014   Code   RO          241    i.NVIC_PriorityGroupConfig  stm32lib_include.o
    0x080044bc   0x000000c4   Code   RO         5038    i.Nand_ReadMap      main.o
    0x08004580   0x00000020   Code   RO         5039    i.Nrf_CE            main.o
    0x080045a0   0x00000020   Code   RO         5040    i.Nrf_CSN           main.o
    0x080045c0   0x00000010   Code   RO         5042    i.Nrf_IRQ           main.o
    0x080045d0   0x00000014   Code   RO         5043    i.Nrf_MISO          main.o
    0x080045e4   0x00000020   Code   RO         5044    i.Nrf_MOSI          main.o
    0x08004604   0x00000024   Code   RO         5047    i.Nrf_SCLK          main.o
    0x08004628   0x0000013c   Code   RO         5052    i.PM_DrawWords      main.o
    0x08004764   0x00000002   Code   RO          253    i.PendSV_Handler    stm32lib_include.o
    0x08004766   0x00000002   PAD
    0x08004768   0x00000054   Code   RO         5053    i.Printf            main.o
    0x080047bc   0x0000002a   Code   RO         5054    i.PrintfVoid        main.o
    0x080047e6   0x00000002   PAD
    0x080047e8   0x000000fc   Code   RO         5055    i.Printf_Data       main.o
    0x080048e4   0x0000006c   Code   RO         5056    i.Printf_Infor      main.o
    0x08004950   0x0000015c   Code   RO         5057    i.Printf_String     main.o
    0x08004aac   0x00000088   Code   RO         5058    i.Printf_Yes        main.o
    0x08004b34   0x000000a4   Code   RO         5059    i.Printf_YesOrNo    main.o
    0x08004bd8   0x000000c8   Code   RO         5060    i.RAM_ReadMap       main.o
    0x08004ca0   0x00000020   Code   RO          255    i.RCC_AHBPeriphClockCmd  stm32lib_include.o
    0x08004cc0   0x00000020   Code   RO          256    i.RCC_APB1PeriphClockCmd  stm32lib_include.o
    0x08004ce0   0x00000020   Code   RO          258    i.RCC_APB2PeriphClockCmd  stm32lib_include.o
    0x08004d00   0x000000d4   Code   RO          266    i.RCC_GetClocksFreq  stm32lib_include.o
    0x08004dd4   0x000000cc   Code   RO         5061    i.ROM_ReadMap       main.o
    0x08004ea0   0x00000038   Code   RO         5062    i.SPI1_ReadWrite    main.o
    0x08004ed8   0x00000018   Code   RO          332    i.SPI_Cmd           stm32lib_include.o
    0x08004ef0   0x0000009c   Code   RO         5063    i.SPI_Enc28j60_Init  main.o
    0x08004f8c   0x00000050   Code   RO         5064    i.SPI_FLASH_BufferRead  main.o
    0x08004fdc   0x00000122   Code   RO         5065    i.SPI_FLASH_BufferWrite  main.o
    0x080050fe   0x00000002   PAD
    0x08005100   0x000000b8   Code   RO         5067    i.SPI_FLASH_Init    main.o
    0x080051b8   0x00000060   Code   RO         5068    i.SPI_FLASH_PageWrite  main.o
    0x08005218   0x00000038   Code   RO         5073    i.SPI_FLASH_SendByte  main.o
    0x08005250   0x00000030   Code   RO         5076    i.SPI_FLASH_WaitForWriteEnd  main.o
    0x08005280   0x00000020   Code   RO         5077    i.SPI_FLASH_WriteEnable  main.o
    0x080052a0   0x00000012   Code   RO          340    i.SPI_I2S_GetFlagStatus  stm32lib_include.o
    0x080052b2   0x00000006   Code   RO          343    i.SPI_I2S_ReceiveData  stm32lib_include.o
    0x080052b8   0x00000004   Code   RO          344    i.SPI_I2S_SendData  stm32lib_include.o
    0x080052bc   0x00000040   Code   RO          345    i.SPI_Init          stm32lib_include.o
    0x080052fc   0x00000002   Code   RO          350    i.SVC_Handler       stm32lib_include.o
    0x080052fe   0x00000002   PAD
    0x08005300   0x0000001c   Code   RO         4817    i.Save_AppConfig    appconfig.o
    0x0800531c   0x0000002c   Code   RO         4818    i.Save_VoidConfig   appconfig.o
    0x08005348   0x00000044   Code   RO         5082    i.SetPoint          main.o
    0x0800538c   0x00000008   Code   RO          351    i.SetSysClock       stm32lib_include.o
    0x08005394   0x000000dc   Code   RO          352    i.SetSysClockTo72   stm32lib_include.o
    0x08005470   0x00000040   Code   RO         5083    i.SetWindows        main.o
    0x080054b0   0x000000e8   Code   RO         5084    i.Set_direction     main.o
    0x08005598   0x00000024   Code   RO         4260    i.StringCoppy       text.o
    0x080055bc   0x00000042   Code   RO         4261    i.StringEndingAppend  text.o
    0x080055fe   0x0000001a   Code   RO         4263    i.StringReplaceChar  text.o
    0x08005618   0x0000006a   Code   RO         4265    i.StringToIPUint32  text.o
    0x08005682   0x00000008   Code   RO          354    i.SysTick_Handler   stm32lib_include.o
    0x0800568a   0x00000002   PAD
    0x0800568c   0x00000058   Code   RO         3553    i.SysTick_Set       stm32_cpu.o
    0x080056e4   0x00000060   Code   RO          356    i.SystemInit        stm32lib_include.o
    0x08005744   0x00000030   Code   RO         4269    i.TFT_RGB           text.o
    0x08005774   0x00000014   Code   RO         5085    i.TGUI_Clear_Show   main.o
    0x08005788   0x00000020   Code   RO         5086    i.TGUI_DefaultStyle  main.o
    0x080057a8   0x000000a0   Code   RO         5089    i.TGUI_Draw_ASCII   main.o
    0x08005848   0x00000210   Code   RO         5096    i.TGUI_Draw_FormatString  main.o
    0x08005a58   0x0000004c   Code   RO         5100    i.TGUI_Draw_Rectangle  main.o
    0x08005aa4   0x000000b4   Code   RO         5103    i.TGUI_Draw_Word    main.o
    0x08005b58   0x00000026   Code   RO         5109    i.TGUI_Fill_Rectangle  main.o
    0x08005b7e   0x00000002   PAD
    0x08005b80   0x00000038   Code   RO         5112    i.TGUI_Get_StringPixel  main.o
    0x08005bb8   0x00000054   Code   RO         5113    i.TGUI_Index_Word   main.o
    0x08005c0c   0x00000020   Code   RO         5114    i.TGUI_Set_Color    main.o
    0x08005c2c   0x0000006c   Code   RO         5115    i.TGUI_Set_Font     main.o
    0x08005c98   0x0000000c   Code   RO         5116    i.TGUI_Set_LineN    main.o
    0x08005ca4   0x00000118   Code   RO         5117    i.TGUI_Set_LocalFont  main.o
    0x08005dbc   0x00000028   Code   RO         5119    i.TGUI_Set_Region   main.o
    0x08005de4   0x00000404   Code   RO         5120    i.TGui_3DCobe       main.o
    0x080061e8   0x000001bc   Code   RO         5122    i.TGui_Draw_Line    main.o
    0x080063a4   0x00000092   Code   RO         5123    i.T_DeleteLine      main.o
    0x08006436   0x00000002   PAD
    0x08006438   0x00000034   Code   RO         5124    i.T_DrawCell        main.o
    0x0800646c   0x000000d2   Code   RO         5125    i.T_DrawDotArray    main.o
    0x0800653e   0x00000002   PAD
    0x08006540   0x0000004c   Code   RO         5126    i.T_DrawFillNextForm  main.o
    0x0800658c   0x0000007a   Code   RO         5127    i.T_DrawNextForm    main.o
    0x08006606   0x00000002   PAD
    0x08006608   0x0000028c   Code   RO         5128    i.T_DrawWords       main.o
    0x08006894   0x0000009e   Code   RO         5129    i.T_FormVoid        main.o
    0x08006932   0x00000030   Code   RO         5130    i.T_JoinNew         main.o
    0x08006962   0x00000002   PAD
    0x08006964   0x0000001c   Code   RO         5131    i.T_Load            main.o
    0x08006980   0x0000005c   Code   RO         5132    i.T_SGetCell        main.o
    0x080069dc   0x00000182   Code   RO         5134    i.T_TetrisPlan      main.o
    0x08006b5e   0x0000000c   Code   RO         5135    i.Task0             main.o
    0x08006b6a   0x00000014   Code   RO         5136    i.Task2             main.o
    0x08006b7e   0x00000002   PAD
    0x08006b80   0x00000074   Code   RO         4865    i.Task_Arrary       func_face.o
    0x08006bf4   0x00000298   Code   RO         5137    i.Task_CramSnake    main.o
    0x08006e8c   0x00000058   Code   RO         5138    i.Task_GetKey       main.o
    0x08006ee4   0x00000088   Code   RO         4932    i.Task_GetKeyBoardZigbee  comkeyboard.o
    0x08006f6c   0x00000024   Code   RO         4867    i.Task_Join         func_face.o
    0x08006f90   0x00000284   Code   RO         5139    i.Task_LifePlay     main.o
    0x08007214   0x0000003c   Code   RO         5140    i.Task_LoadConfigs  main.o
    0x08007250   0x00000054   Code   RO         5141    i.Task_LoadConfigsFromNand  main.o
    0x080072a4   0x0000005c   Code   RO         5142    i.Task_OutAction    main.o
    0x08007300   0x0000008c   Code   RO         5143    i.Task_PictureMosaic  main.o
    0x0800738c   0x00000030   Code   RO         5144    i.Task_RePaint      main.o
    0x080073bc   0x00000038   Code   RO         5145    i.Task_ReSave       main.o
    0x080073f4   0x00000020   Code   RO         5146    i.Task_SaveConfigs  main.o
    0x08007414   0x00000020   Code   RO         5147    i.Task_SaveConfigsToNand  main.o
    0x08007434   0x0000001c   Code   RO         5148    i.Task_SetMenuFont  main.o
    0x08007450   0x0000002c   Code   RO         5149    i.Task_SetMsgFont   main.o
    0x0800747c   0x00000014   Code   RO         5150    i.Task_SetTitleFont  main.o
    0x08007490   0x00000018   Code   RO         5151    i.Task_ShowAsk      main.o
    0x080074a8   0x0000001c   Code   RO         5152    i.Task_ShowInfor    main.o
    0x080074c4   0x00000088   Code   RO         5153    i.Task_ShowTos      main.o
    0x0800754c   0x00000044   Code   RO         5154    i.Task_ShowYesOrNo  main.o
    0x08007590   0x0000017c   Code   RO         5155    i.Task_TaskManage   main.o
    0x0800770c   0x00000290   Code   RO         5156    i.Task_Tetris       main.o
    0x0800799c   0x00000018   Code   RO         5157    i.Task_Waiting      main.o
    0x080079b4   0x00000040   Code   RO         4630    i.Tools_GetCRC16    cheakout.o
    0x080079f4   0x0000005c   Code   RO         3721    i.Tos_ComputeCPURate  tos.o
    0x08007a50   0x0000000c   Code   RO         5159    i.Tos_GetFontHandle  main.o
    0x08007a5c   0x0000000c   Code   RO         5160    i.Tos_GetStyleHandle  main.o
    0x08007a68   0x00000038   Code   RO         3722    i.Tos_GetTaskIDByName  tos.o
    0x08007aa0   0x00000098   Code   RO         3723    i.Tos_Init          tos.o
    0x08007b38   0x00000020   Code   RO         3724    i.Tos_ListCreate    tos.o
    0x08007b58   0x00000012   Code   RO         3725    i.Tos_RootTask      tos.o
    0x08007b6a   0x00000002   PAD
    0x08007b6c   0x00000038   Code   RO         3937    i.Tos_ScanTimer     tos_timer.o
    0x08007ba4   0x00000030   Code   RO         3727    i.Tos_Start         tos.o
    0x08007bd4   0x00000050   Code   RO         3728    i.Tos_SysTick       tos.o
    0x08007c24   0x000000d0   Code   RO         3729    i.Tos_TaskCreate    tos.o
    0x08007cf4   0x00000064   Code   RO         3730    i.Tos_TaskCreateFindID  tos.o
    0x08007d58   0x00000060   Code   RO         3731    i.Tos_TaskCreateQmsg  tos.o
    0x08007db8   0x00000060   Code   RO         3732    i.Tos_TaskDelay     tos.o
    0x08007e18   0x00000090   Code   RO         3734    i.Tos_TaskDelete    tos.o
    0x08007ea8   0x00000040   Code   RO         3982    i.Tos_TaskDropDev   tos_device.o
    0x08007ee8   0x0000008c   Code   RO         3983    i.Tos_TaskGetDev    tos_device.o
    0x08007f74   0x00000014   Code   RO         5163    i.Tos_TaskGetIO_InPut  main.o
    0x08007f88   0x00000014   Code   RO         4933    i.Tos_TaskGetKeyBoard  comkeyboard.o
    0x08007f9c   0x0000006c   Code   RO         3736    i.Tos_TaskGetQMsg   tos.o
    0x08008008   0x0000006c   Code   RO         3737    i.Tos_TaskGetQMsgDelay  tos.o
    0x08008074   0x00000084   Code   RO         3739    i.Tos_TaskPutQmsg   tos.o
    0x080080f8   0x000000c0   Code   RO         3741    i.Tos_TaskReady     tos.o
    0x080081b8   0x00000034   Code   RO         3742    i.Tos_TaskRecover   tos.o
    0x080081ec   0x0000006c   Code   RO         3743    i.Tos_TaskResume    tos.o
    0x08008258   0x00000054   Code   RO         3744    i.Tos_TaskRun       tos.o
    0x080082ac   0x0000006e   Code   RO         3746    i.Tos_TaskStackInit  tos.o
    0x0800831a   0x00000002   PAD
    0x0800831c   0x00000024   Code   RO         3747    i.Tos_TaskStart     tos.o
    0x08008340   0x0000004c   Code   RO         3748    i.Tos_TaskStop      tos.o
    0x0800838c   0x0000007c   Code   RO         3749    i.Tos_TaskSuspend   tos.o
    0x08008408   0x000000a0   Code   RO         3750    i.Tos_TaskSwitch    tos.o
    0x080084a8   0x00000012   Code   RO         3751    i.Tos_TaskTcbInit   tos.o
    0x080084ba   0x00000002   PAD
    0x080084bc   0x00000054   Code   RO         3752    i.Tos_TaskTimeout   tos.o
    0x08008510   0x00000054   Code   RO         3938    i.Tos_TimerReady    tos_timer.o
    0x08008564   0x0000003c   Code   RO         3753    i.Tos_WaitDev       tos.o
    0x080085a0   0x00000054   Code   RO         3268    i.USART1_IRQHandler  usart_driver.o
    0x080085f4   0x00000060   Code   RO         3269    i.USART2_IRQHandler  usart_driver.o
    0x08008654   0x00000060   Code   RO         3270    i.USART3_IRQHandler  usart_driver.o
    0x080086b4   0x00000012   Code   RO          448    i.USART_ClearFlag   stm32lib_include.o
    0x080086c6   0x0000001e   Code   RO          449    i.USART_ClearITPendingBit  stm32lib_include.o
    0x080086e4   0x00000018   Code   RO          452    i.USART_Cmd         stm32lib_include.o
    0x080086fc   0x0000008c   Code   RO         3271    i.USART_Configuration  usart_driver.o
    0x08008788   0x0000006e   Code   RO         3272    i.USART_ConfigurationAll  usart_driver.o
    0x080087f6   0x00000002   PAD
    0x080087f8   0x000000c8   Code   RO         3273    i.USART_GPIO_Init   usart_driver.o
    0x080088c0   0x00000056   Code   RO         3274    i.USART_GPIO_InitAll  usart_driver.o
    0x08008916   0x00000054   Code   RO          456    i.USART_GetITStatus  stm32lib_include.o
    0x0800896a   0x00000002   PAD
    0x0800896c   0x00000048   Code   RO         3275    i.USART_GetIndex    usart_driver.o
    0x080089b4   0x0000003c   Code   RO         3276    i.USART_GetTypeDef  usart_driver.o
    0x080089f0   0x0000004a   Code   RO          458    i.USART_ITConfig    stm32lib_include.o
    0x08008a3a   0x00000002   PAD
    0x08008a3c   0x000000d8   Code   RO          459    i.USART_Init        stm32lib_include.o
    0x08008b14   0x0000002e   Code   RO         3277    i.USART_Read        usart_driver.o
    0x08008b42   0x00000002   PAD
    0x08008b44   0x000000b0   Code   RO         3278    i.USART_ReadDatas   usart_driver.o
    0x08008bf4   0x00000020   Code   RO         3279    i.USART_Write       usart_driver.o
    0x08008c14   0x00000020   Code   RO         3281    i.USART_WriteDatas  usart_driver.o
    0x08008c34   0x0000000c   Code   RO          477    i.USBWakeUp_IRQHandler  stm32lib_include.o
    0x08008c40   0x00000004   Code   RO          478    i.UsageFault_Handler  stm32lib_include.o
    0x08008c44   0x00000018   Code   RO         5166    i.W25Q16_LoadConfig  main.o
    0x08008c5c   0x00000014   Code   RO         5167    i.W25Q16_Read       main.o
    0x08008c70   0x00000018   Code   RO         5168    i.W25Q16_SaveConfig  main.o
    0x08008c88   0x00000014   Code   RO         5169    i.W25Q16_StdRead    main.o
    0x08008c9c   0x00000014   Code   RO         5170    i.W25Q16_StdWrite   main.o
    0x08008cb0   0x00000014   Code   RO         5171    i.W25Q16_Write      main.o
    0x08008cc4   0x00000330   Code   RO         5176    i.Web_App           main.o
    0x08008ff4   0x00000128   Code   RO         5177    i.Web_Enter         main.o
    0x0800911c   0x0000001c   Code   RO         5178    i.Web_SendKey       main.o
    0x08009138   0x00000024   Code   RO         6904    i.__0vsprintf       mc_w.l(printfa.o)
    0x0800915c   0x00000028   Code   RO         7022    i.__ARM_fpclassify  m_ws.l(fpclassify.o)
    0x08009184   0x00000388   Code   RO         6964    i.__ieee754_rem_pio2  m_ws.l(rred.o)
    0x0800950c   0x000000fc   Code   RO         6961    i.__kernel_cos      m_ws.l(cos_i.o)
    0x08009608   0x000000aa   Code   RO         7024    i.__kernel_poly     m_ws.l(poly.o)
    0x080096b2   0x00000002   PAD
    0x080096b4   0x000000ec   Code   RO         6969    i.__kernel_sin      m_ws.l(sin_i.o)
    0x080097a0   0x00000010   Code   RO         7020    i.__mathlib_dbl_underflow  m_ws.l(dunder.o)
    0x080097b0   0x0000000e   Code   RO         7034    i.__scatterload_copy  mc_w.l(handlers.o)
    0x080097be   0x00000002   Code   RO         7035    i.__scatterload_null  mc_w.l(handlers.o)
    0x080097c0   0x0000000e   Code   RO         7036    i.__scatterload_zeroinit  mc_w.l(handlers.o)
    0x080097ce   0x00000002   PAD
    0x080097d0   0x0000000c   Code   RO         7004    i.__set_errno       mc_w.l(errno.o)
    0x080097dc   0x0000015c   Code   RO         6905    i._fp_digits        mc_w.l(printfa.o)
    0x08009938   0x000006f0   Code   RO         6906    i._printf_core      mc_w.l(printfa.o)
    0x0800a028   0x00000026   Code   RO         6907    i._printf_post_padding  mc_w.l(printfa.o)
    0x0800a04e   0x00000030   Code   RO         6908    i._printf_pre_padding  mc_w.l(printfa.o)
    0x0800a07e   0x0000000a   Code   RO         6910    i._sputc            mc_w.l(printfa.o)
    0x0800a088   0x00000072   Code   RO         5187    i.analyse_get_Index  main.o
    0x0800a0fa   0x00000052   Code   RO         5189    i.checksum          main.o
    0x0800a14c   0x000000ac   Code   RO         6870    i.cos               m_ws.l(cos.o)
    0x0800a1f8   0x0000013c   Code   RO         5190    i.enc28j60Init      main.o
    0x0800a334   0x000000c0   Code   RO         5191    i.enc28j60PacketReceive  main.o
    0x0800a3f4   0x00000066   Code   RO         5192    i.enc28j60PacketSend  main.o
    0x0800a45a   0x00000030   Code   RO         5193    i.enc28j60PhyWrite  main.o
    0x0800a48a   0x00000014   Code   RO         5194    i.enc28j60Read      main.o
    0x0800a49e   0x00000002   PAD
    0x0800a4a0   0x00000038   Code   RO         5195    i.enc28j60ReadBuffer  main.o
    0x0800a4d8   0x00000044   Code   RO         5196    i.enc28j60ReadOp    main.o
    0x0800a51c   0x00000034   Code   RO         5197    i.enc28j60SetBank   main.o
    0x0800a550   0x00000018   Code   RO         5198    i.enc28j60Write     main.o
    0x0800a568   0x00000030   Code   RO         5199    i.enc28j60WriteBuffer  main.o
    0x0800a598   0x00000038   Code   RO         5200    i.enc28j60WriteOp   main.o
    0x0800a5d0   0x00000044   Code   RO         5203    i.eth_type_is_arp_and_my_ip  main.o
    0x0800a614   0x0000004c   Code   RO         5204    i.eth_type_is_ip_and_my_ip  main.o
    0x0800a660   0x0000002c   Code   RO         5205    i.fill_ip_hdr_checksum  main.o
    0x0800a68c   0x0000001c   Code   RO         5206    i.fill_tcp_data     main.o
    0x0800a6a8   0x0000001c   Code   RO         5207    i.fill_tcp_data_p   main.o
    0x0800a6c4   0x0000001c   Code   RO         5208    i.get_tcp_data_pointer  main.o
    0x0800a6e0   0x0000003c   Code   RO         5209    i.init_ip_arp_udp_tcp  main.o
    0x0800a71c   0x00000040   Code   RO         5210    i.init_len_info     main.o
    0x0800a75c   0x0000003c   Code   RO         5211    i.main              main.o
    0x0800a798   0x00000064   Code   RO         5212    i.make_arp_answer_from_request  main.o
    0x0800a7fc   0x0000003e   Code   RO         5213    i.make_echo_reply_from_request  main.o
    0x0800a83a   0x00000002   PAD
    0x0800a83c   0x00000024   Code   RO         5214    i.make_eth          main.o
    0x0800a860   0x00000030   Code   RO         5215    i.make_ip           main.o
    0x0800a890   0x00000068   Code   RO         5216    i.make_tcp_ack_from_any  main.o
    0x0800a8f8   0x0000004c   Code   RO         5217    i.make_tcp_ack_with_data  main.o
    0x0800a944   0x0000004c   Code   RO         5218    i.make_tcp_synack_from_syn  main.o
    0x0800a990   0x000000bc   Code   RO         5219    i.make_tcphead      main.o
    0x0800aa4c   0x0000007c   Code   RO         5220    i.make_udp_reply_from_request  main.o
    0x0800aac8   0x000000b0   Code   RO         6878    i.sin               m_ws.l(sin.o)
    0x0800ab78   0x0000001c   Code   RO         5223    i.verify_password   main.o
    0x0800ab94   0x00000200   Data   RO         4634    .constdata          cheakout.o
    0x0800ad94   0x00011118   Data   RO         5225    .constdata          main.o
    0x0801beac   0x00000004   PAD
    0x0801beb0   0x00000030   Data   RO         6962    .constdata          m_ws.l(cos_i.o)
    0x0801bee0   0x000000c8   Data   RO         6966    .constdata          m_ws.l(rred.o)
    0x0801bfa8   0x00000028   Data   RO         6970    .constdata          m_ws.l(sin_i.o)
    0x0801bfd0   0x000005b6   Data   RO         5226    .conststring        main.o
    0x0801c586   0x00000002   PAD
    0x0801c588   0x00000020   Data   RO         7032    Region$$Table       anon$$obj.o


    Execution Region RW_IRAM1 (Base: 0x20000000, Size: 0x0000abd0, Max: 0x00010000, ABSOLUTE)

    Base Addr    Size         Type   Attr      Idx    E Section Name        Object

    0x20000000   0x00000028   Data   RW          487    .data               stm32lib_include.o
    0x20000028   0x00000014   Data   RW         3284    .data               usart_driver.o
    0x2000003c   0x0000002c   Data   RW         3754    .data               tos.o
    0x20000068   0x00000004   Data   RW         3939    .data               tos_timer.o
    0x2000006c   0x00000008   Data   RW         3984    .data               tos_device.o
    0x20000074   0x00000004   Data   RW         4062    .data               tos_mema.o
    0x20000078   0x00000001   Data   RW         4870    .data               func_face.o
    0x20000079   0x00000001   Data   RW         4934    .data               comkeyboard.o
    0x2000007a   0x00000002   PAD
    0x2000007c   0x00000094   Data   RW         5227    .data               main.o
    0x20000110   0x00000004   Data   RW         6889    .data               mc_w.l(rand.o)
    0x20000114   0x00000004   Data   RW         7005    .data               mc_w.l(errno.o)
    0x20000118   0x0000003c   Zero   RW         3283    .bss                usart_driver.o
    0x20000154   0x00009c40   Zero   RW         4061    .bss                tos_mema.o
    0x20009d94   0x00000a39   Zero   RW         5224    .bss                main.o
    0x2000a7cd   0x00000003   PAD
    0x2000a7d0   0x00000400   Zero   RW         3143    STACK               startup_stm32f10x_md.o


==============================================================================

Image component sizes


      Code (inc. data)   RO Data    RW Data    ZI Data      Debug   Object Name

       342         16          0          0          0       3853   appconfig.o
        64          8        512          0          0       1137   cheakout.o
       156         20          0          1          0       2397   comkeyboard.o
         0          0          0          0          0         32   core_cm3.o
         2          0          0          0          0        388   debug.o
       152         12          0          1          0       2237   func_face.o
     26858       2528      71374        148       2617     359305   main.o
        48          0          0          0          0        613   modbus.o
       284          0          0          0          0        890   operation.o
        36          8        236          0       1024        760   startup_stm32f10x_md.o
       384         36          0          0          0      20433   stm32_cpu.o
      2240        142          0         40          0     291987   stm32lib_include.o
      1230         18          0          0          0      11143   text.o
      2574        254          0         44          0      15421   tos.o
        80         10          0          0          0        220   tos_core_a.o
       516         64          0          8          0       3443   tos_device.o
       198         14          0          4      40000       3214   tos_mema.o
       140         10          0          4          0       1935   tos_timer.o
      1682        244          0         20         60     236056   usart_driver.o

    ----------------------------------------------------------------------
     37056       3384      72160        272      43704     955464   Object Totals
         0          0         32          0          0          0   (incl. Generated)
        70          0          6          2          3          0   (incl. Padding)

    ----------------------------------------------------------------------

      Code (inc. data)   RO Data    RW Data    ZI Data      Debug   Library Member Name

       172          8          0          0          0        112   cos.o
       252         22         48          0          0        124   cos_i.o
        16          6          0          0          0         68   dunder.o
        40          0          0          0          0         68   fpclassify.o
       170          0          0          0          0         96   poly.o
       904         72        200          0          0        140   rred.o
       176         10          0          0          0        116   sin.o
       236         12         40          0          0        128   sin_i.o
         0          0          0          0          0          0   entry.o
         0          0          0          0          0          0   entry10a.o
         0          0          0          0          0          0   entry11a.o
         8          4          0          0          0          0   entry2.o
         4          0          0          0          0          0   entry5.o
         0          0          0          0          0          0   entry7b.o
         0          0          0          0          0          0   entry8b.o
         8          4          0          0          0          0   entry9a.o
        12          6          0          4          0         68   errno.o
        30          0          0          0          0          0   handlers.o
        36          8          0          0          0         68   init.o
         0          0          0          0          0          0   iusefp.o
        30          0          0          0          0         68   llshl.o
        36          0          0          0          0         68   llsshr.o
        32          0          0          0          0         68   llushr.o
        36          0          0          0          0         68   memcpya.o
      2256         86          0          0          0        508   printfa.o
        36         10          0          4          0        136   rand.o
        30          0          0          0          0         80   strncmp.o
        44          0          0          0          0         80   uidiv.o
        98          0          0          0          0         92   uldiv.o
        40          2          0          0          0         68   cdrcmple.o
        56          0          0          0          0         88   d2f.o
       334          0          0          0          0        148   dadd.o
       222          0          0          0          0        100   ddiv.o
       190          0          0          0          0        176   depilogue.o
        62          0          0          0          0         80   dfixi.o
        48          0          0          0          0         68   dfixul.o
        34          0          0          0          0         76   dflti.o
        26          0          0          0          0         76   dfltui.o
       228          0          0          0          0         96   dmul.o
        46          0          0          0          0         80   dscalb.o
        38          0          0          0          0         68   f2d.o
       176          0          0          0          0        140   fadd.o
       128          0          0          0          0         88   fdiv.o
       108          0          0          0          0        168   fepilogue.o
        50          0          0          0          0         68   ffixi.o
        40          0          0          0          0         68   ffixui.o
        18          0          0          0          0         68   fflti.o
        10          0          0          0          0         68   ffltui.o
       108          0          0          0          0         76   fmul.o

    ----------------------------------------------------------------------
      6632        250        288          8          0       4024   Library Totals
         8          0          0          0          0          0   (incl. Padding)

    ----------------------------------------------------------------------

      Code (inc. data)   RO Data    RW Data    ZI Data      Debug   Library Name

      1966        130        288          0          0        852   m_ws.l
      2696        118          0          8          0       1304   mc_w.l
      1962          2          0          0          0       1868   mf_w.l

    ----------------------------------------------------------------------
      6632        250        288          8          0       4024   Library Totals

    ----------------------------------------------------------------------

==============================================================================


      Code (inc. data)   RO Data    RW Data    ZI Data      Debug   

     43688       3634      72448        280      43704     941132   Grand Totals
     43688       3634      72448        280      43704     941132   ELF Image Totals
     43688       3634      72448        280          0          0   ROM Totals

==============================================================================

    Total RO  Size (Code + RO Data)               116136 ( 113.41kB)
    Total RW  Size (RW Data + ZI Data)             43984 (  42.95kB)
    Total ROM Size (Code + RO Data + RW Data)     116416 ( 113.69kB)

==============================================================================

